
build/release/user/grep.elf:     file format elf32-littleriscv
build/release/user/grep.elf
architecture: riscv:rv32, flags 0x00000112:
EXEC_P, HAS_SYMS, D_PAGED
start address 0x80200000

Program Header:
0x70000003 off    0x00003290 vaddr 0x00000000 paddr 0x00000000 align 2**0
         filesz 0x0000004b memsz 0x00000000 flags r--
    LOAD off    0x00001000 vaddr 0x80200000 paddr 0x80200000 align 2**12
         filesz 0x00001ac4 memsz 0x00001ac4 flags r-x
    LOAD off    0x00003000 vaddr 0x80208000 paddr 0x80208000 align 2**12
         filesz 0x00000290 memsz 0x000011d0 flags rw-

Sections:
Idx Name              Size      VMA       LMA       File off  Algn  Flags
  0 .text             00001ac4  80200000  80200000  00001000  2**3  CONTENTS, ALLOC, LOAD, READONLY, CODE
  1 .rodata           00000168  80208000  80208000  00003000  2**3  CONTENTS, ALLOC, LOAD, READONLY, DATA
  2 .data             00000128  80208168  80208168  00003168  2**3  CONTENTS, ALLOC, LOAD, DATA
  3 .bss              00000f40  80208290  80208290  00003290  2**3  ALLOC
  4 .riscv.attributes 0000004b  00000000  00000000  00003290  2**0  CONTENTS, READONLY
  5 .comment          00000033  00000000  00000000  000032db  2**0  CONTENTS, READONLY
SYMBOL TABLE:
80200000 l    d  .text	00000000 .text
80208000 l    d  .rodata	00000000 .rodata
80208168 l    d  .data	00000000 .data
80208290 l    d  .bss	00000000 .bss
00000000 l    d  .riscv.attributes	00000000 .riscv.attributes
00000000 l    d  .comment	00000000 .comment
00000000 l    df *ABS*	00000000 ccuwq95s.o
00000000 l    df *ABS*	00000000 grep.c
80208294 l     O .bss	00000201 buf
80208498 l     O .bss	00000800 line_buf
00000000 l    df *ABS*	00000000 print.c
00000000 l    df *ABS*	00000000 servers.c
80208290 l     O .bss	00000004 sender
80208c98 l     O .bss	00000400 buf
00000000 l    df *ABS*	00000000 syscall.c
80208288 l     O .data	00000004 sc
00000000 l    df *ABS*	00000000 libc_a-atoi.o
00000000 l    df *ABS*	00000000 libc_a-itoa.o
00000000 l    df *ABS*	00000000 libc_a-strtol.o
80200808 l     F .text	00000284 _strtol_l.isra.0
00000000 l    df *ABS*	00000000 libc_a-utoa.o
00000000 l    df *ABS*	00000000 libc_a-strcat.o
00000000 l    df *ABS*	00000000 libc_a-strncat.o
00000000 l    df *ABS*	00000000 libc_a-strncmp.o
00000000 l    df *ABS*	00000000 libc_a-strstr.o
80200df0 l     F .text	00000128 critical_factorization
80200f18 l     F .text	00000318 two_way_long_needle
00000000 l    df *ABS*	00000000 libc_a-errno.o
00000000 l    df *ABS*	00000000 libc_a-memset.o
00000000 l    df *ABS*	00000000 libc_a-memcpy.o
00000000 l    df *ABS*	00000000 libc_a-strlen.o
00000000 l    df *ABS*	00000000 libc_a-strcpy.o
00000000 l    df *ABS*	00000000 libc_a-memcmp.o
00000000 l    df *ABS*	00000000 libc_a-strchr.o
00000000 l    df *ABS*	00000000 libc_a-strnlen.o
00000000 l    df *ABS*	00000000 muldi3.o
00000000 l    df *ABS*	00000000 div.o
802006fc g     F .text	00000090 sys_recv
80201764 g     F .text	000000a4 strcpy
80200394 g     F .text	00000098 my_printf
802014c8 g     F .text	0000000c __errno
80200000 g       .text	00000000 app_entry
802015b0 g     F .text	00000128 memcpy
80201a18 g     F .text	00000048 .hidden __hidden___udivsi3
80201a18 g     F .text	00000048 .hidden __udivsi3
80200798 g     F .text	00000070 itoa
80200a8c g     F .text	00000020 strtol
802019bc g     F .text	00000030 strnlen
80209098 g     O .bss	00000138 __sf
8020068c g     F .text	00000070 sys_send
80200c00 g     F .text	000000a0 strcat
80201a60 g     F .text	00000010 .hidden __umodsi3
80200570 g     F .text	000000b4 file_read
80200248 g     F .text	0000014c format_to_str
80201230 g     F .text	00000298 strstr
80200d4c g     F .text	000000a4 strncmp
802019ec g     F .text	00000024 .hidden __mulsi3
80201808 g     F .text	00000074 memcmp
80200ca0 g     F .text	000000ac strncat
80200aac g     F .text	00000154 __utoa
802014d4 g     F .text	000000dc memset
80200010 g     F .text	00000238 main
80201a10 g     F .text	00000084 .hidden __divsi3
80300000 g       *ABS*	00000000 __heap_end
8020828c g     O .data	00000004 _impure_ptr
802091d0 g       .riscv.attributes	00000000 __heap_start
80200624 g     F .text	00000068 term_write
8020042c g     F .text	00000034 exit
80201a94 g     F .text	00000030 .hidden __modsi3
80208168 g     O .data	00000120 _impure_data
8020078c g     F .text	0000000c atoi
80208064 g     O .rodata	00000101 _ctype_
80200460 g     F .text	00000110 dir_lookup
802016d8 g     F .text	0000008c strlen
8020187c g     F .text	00000140 strchr



Disassembly of section .text:

80200000 <app_entry>:
app_entry():
80200000:	00052503          	lw	a0,0(a0)
80200004:	80400137          	lui	sp,0x80400
80200008:	008000ef          	jal	80200010 <main>
8020000c:	420000ef          	jal	8020042c <exit>

80200010 <main>:
main():
80200010:	fc010113          	addi	sp,sp,-64 # 803fffc0 <__heap_end+0xfffc0>
80200014:	02112e23          	sw	ra,60(sp)
80200018:	02812c23          	sw	s0,56(sp)
8020001c:	04010413          	addi	s0,sp,64
80200020:	fca42623          	sw	a0,-52(s0)
80200024:	fcb42423          	sw	a1,-56(s0)
80200028:	fcc42703          	lw	a4,-52(s0)
8020002c:	00300793          	li	a5,3
80200030:	00f70c63          	beq	a4,a5,80200048 <main+0x38>
80200034:	802087b7          	lui	a5,0x80208
80200038:	00078513          	mv	a0,a5
8020003c:	358000ef          	jal	80200394 <my_printf>
80200040:	00000793          	li	a5,0
80200044:	1f00006f          	j	80200234 <main+0x224>
80200048:	fc842783          	lw	a5,-56(s0)
8020004c:	0047a783          	lw	a5,4(a5) # 80208004 <__modsi3+0x6570>
80200050:	fef42023          	sw	a5,-32(s0)
80200054:	803027b7          	lui	a5,0x80302
80200058:	0007a703          	lw	a4,0(a5) # 80302000 <__heap_end+0x2000>
8020005c:	fc842783          	lw	a5,-56(s0)
80200060:	00878793          	addi	a5,a5,8
80200064:	0007a783          	lw	a5,0(a5)
80200068:	00078593          	mv	a1,a5
8020006c:	00070513          	mv	a0,a4
80200070:	3f0000ef          	jal	80200460 <dir_lookup>
80200074:	fca42e23          	sw	a0,-36(s0)
80200078:	fdc42783          	lw	a5,-36(s0)
8020007c:	0207d463          	bgez	a5,802000a4 <main+0x94>
80200080:	fc842783          	lw	a5,-56(s0)
80200084:	00878793          	addi	a5,a5,8
80200088:	0007a783          	lw	a5,0(a5)
8020008c:	00078593          	mv	a1,a5
80200090:	802087b7          	lui	a5,0x80208
80200094:	02078513          	addi	a0,a5,32 # 80208020 <__modsi3+0x658c>
80200098:	2fc000ef          	jal	80200394 <my_printf>
8020009c:	00000793          	li	a5,0
802000a0:	1940006f          	j	80200234 <main+0x224>
802000a4:	fe042623          	sw	zero,-20(s0)
802000a8:	fe042423          	sw	zero,-24(s0)
802000ac:	20100613          	li	a2,513
802000b0:	00000593          	li	a1,0
802000b4:	802087b7          	lui	a5,0x80208
802000b8:	29478513          	addi	a0,a5,660 # 80208294 <buf>
802000bc:	418010ef          	jal	802014d4 <memset>
802000c0:	fec42703          	lw	a4,-20(s0)
802000c4:	802087b7          	lui	a5,0x80208
802000c8:	29478613          	addi	a2,a5,660 # 80208294 <buf>
802000cc:	00070593          	mv	a1,a4
802000d0:	fdc42503          	lw	a0,-36(s0)
802000d4:	49c000ef          	jal	80200570 <file_read>
802000d8:	fca42c23          	sw	a0,-40(s0)
802000dc:	fd842783          	lw	a5,-40(s0)
802000e0:	0e07ca63          	bltz	a5,802001d4 <main+0x1c4>
802000e4:	802087b7          	lui	a5,0x80208
802000e8:	29478513          	addi	a0,a5,660 # 80208294 <buf>
802000ec:	5ec010ef          	jal	802016d8 <strlen>
802000f0:	00050793          	mv	a5,a0
802000f4:	fcf42a23          	sw	a5,-44(s0)
802000f8:	fd442783          	lw	a5,-44(s0)
802000fc:	0e078063          	beqz	a5,802001dc <main+0x1cc>
80200100:	fe042223          	sw	zero,-28(s0)
80200104:	0a80006f          	j	802001ac <main+0x19c>
80200108:	802087b7          	lui	a5,0x80208
8020010c:	29478713          	addi	a4,a5,660 # 80208294 <buf>
80200110:	fe442783          	lw	a5,-28(s0)
80200114:	00f707b3          	add	a5,a4,a5
80200118:	0007c783          	lbu	a5,0(a5)
8020011c:	fcf409a3          	sb	a5,-45(s0)
80200120:	fd344703          	lbu	a4,-45(s0)
80200124:	00a00793          	li	a5,10
80200128:	04f71663          	bne	a4,a5,80200174 <main+0x164>
8020012c:	802087b7          	lui	a5,0x80208
80200130:	49878713          	addi	a4,a5,1176 # 80208498 <line_buf>
80200134:	fe842783          	lw	a5,-24(s0)
80200138:	00f707b3          	add	a5,a4,a5
8020013c:	00078023          	sb	zero,0(a5)
80200140:	fe042583          	lw	a1,-32(s0)
80200144:	802087b7          	lui	a5,0x80208
80200148:	49878513          	addi	a0,a5,1176 # 80208498 <line_buf>
8020014c:	0e4010ef          	jal	80201230 <strstr>
80200150:	00050793          	mv	a5,a0
80200154:	00078c63          	beqz	a5,8020016c <main+0x15c>
80200158:	802087b7          	lui	a5,0x80208
8020015c:	49878593          	addi	a1,a5,1176 # 80208498 <line_buf>
80200160:	802087b7          	lui	a5,0x80208
80200164:	03878513          	addi	a0,a5,56 # 80208038 <__modsi3+0x65a4>
80200168:	22c000ef          	jal	80200394 <my_printf>
8020016c:	fe042423          	sw	zero,-24(s0)
80200170:	0300006f          	j	802001a0 <main+0x190>
80200174:	fe842703          	lw	a4,-24(s0)
80200178:	7fe00793          	li	a5,2046
8020017c:	02e7c263          	blt	a5,a4,802001a0 <main+0x190>
80200180:	fe842783          	lw	a5,-24(s0)
80200184:	00178713          	addi	a4,a5,1
80200188:	fee42423          	sw	a4,-24(s0)
8020018c:	80208737          	lui	a4,0x80208
80200190:	49870713          	addi	a4,a4,1176 # 80208498 <line_buf>
80200194:	00f707b3          	add	a5,a4,a5
80200198:	fd344703          	lbu	a4,-45(s0)
8020019c:	00e78023          	sb	a4,0(a5)
802001a0:	fe442783          	lw	a5,-28(s0)
802001a4:	00178793          	addi	a5,a5,1
802001a8:	fef42223          	sw	a5,-28(s0)
802001ac:	fe442703          	lw	a4,-28(s0)
802001b0:	fd442783          	lw	a5,-44(s0)
802001b4:	f4f74ae3          	blt	a4,a5,80200108 <main+0xf8>
802001b8:	fd442703          	lw	a4,-44(s0)
802001bc:	1ff00793          	li	a5,511
802001c0:	02e7d263          	bge	a5,a4,802001e4 <main+0x1d4>
802001c4:	fec42783          	lw	a5,-20(s0)
802001c8:	20078793          	addi	a5,a5,512
802001cc:	fef42623          	sw	a5,-20(s0)
802001d0:	eddff06f          	j	802000ac <main+0x9c>
802001d4:	00000013          	nop
802001d8:	0100006f          	j	802001e8 <main+0x1d8>
802001dc:	00000013          	nop
802001e0:	0080006f          	j	802001e8 <main+0x1d8>
802001e4:	00000013          	nop
802001e8:	fe842783          	lw	a5,-24(s0)
802001ec:	04f05263          	blez	a5,80200230 <main+0x220>
802001f0:	802087b7          	lui	a5,0x80208
802001f4:	49878713          	addi	a4,a5,1176 # 80208498 <line_buf>
802001f8:	fe842783          	lw	a5,-24(s0)
802001fc:	00f707b3          	add	a5,a4,a5
80200200:	00078023          	sb	zero,0(a5)
80200204:	fe042583          	lw	a1,-32(s0)
80200208:	802087b7          	lui	a5,0x80208
8020020c:	49878513          	addi	a0,a5,1176 # 80208498 <line_buf>
80200210:	020010ef          	jal	80201230 <strstr>
80200214:	00050793          	mv	a5,a0
80200218:	00078c63          	beqz	a5,80200230 <main+0x220>
8020021c:	802087b7          	lui	a5,0x80208
80200220:	49878593          	addi	a1,a5,1176 # 80208498 <line_buf>
80200224:	802087b7          	lui	a5,0x80208
80200228:	03878513          	addi	a0,a5,56 # 80208038 <__modsi3+0x65a4>
8020022c:	168000ef          	jal	80200394 <my_printf>
80200230:	00000793          	li	a5,0
80200234:	00078513          	mv	a0,a5
80200238:	03c12083          	lw	ra,60(sp)
8020023c:	03812403          	lw	s0,56(sp)
80200240:	04010113          	addi	sp,sp,64
80200244:	00008067          	ret

80200248 <format_to_str>:
format_to_str():
80200248:	fe010113          	addi	sp,sp,-32
8020024c:	00112e23          	sw	ra,28(sp)
80200250:	00812c23          	sw	s0,24(sp)
80200254:	00912a23          	sw	s1,20(sp)
80200258:	02010413          	addi	s0,sp,32
8020025c:	fea42623          	sw	a0,-20(s0)
80200260:	feb42423          	sw	a1,-24(s0)
80200264:	fec42223          	sw	a2,-28(s0)
80200268:	fec42783          	lw	a5,-20(s0)
8020026c:	00078023          	sb	zero,0(a5)
80200270:	0fc0006f          	j	8020036c <format_to_str+0x124>
80200274:	fe842783          	lw	a5,-24(s0)
80200278:	0007c703          	lbu	a4,0(a5)
8020027c:	02500793          	li	a5,37
80200280:	00f70c63          	beq	a4,a5,80200298 <format_to_str+0x50>
80200284:	00100613          	li	a2,1
80200288:	fe842583          	lw	a1,-24(s0)
8020028c:	fec42503          	lw	a0,-20(s0)
80200290:	211000ef          	jal	80200ca0 <strncat>
80200294:	0cc0006f          	j	80200360 <format_to_str+0x118>
80200298:	fe842783          	lw	a5,-24(s0)
8020029c:	00178793          	addi	a5,a5,1
802002a0:	fef42423          	sw	a5,-24(s0)
802002a4:	fe842783          	lw	a5,-24(s0)
802002a8:	0007c703          	lbu	a4,0(a5)
802002ac:	07300793          	li	a5,115
802002b0:	02f71263          	bne	a4,a5,802002d4 <format_to_str+0x8c>
802002b4:	fe442783          	lw	a5,-28(s0)
802002b8:	00478713          	addi	a4,a5,4
802002bc:	fee42223          	sw	a4,-28(s0)
802002c0:	0007a783          	lw	a5,0(a5)
802002c4:	00078593          	mv	a1,a5
802002c8:	fec42503          	lw	a0,-20(s0)
802002cc:	135000ef          	jal	80200c00 <strcat>
802002d0:	0900006f          	j	80200360 <format_to_str+0x118>
802002d4:	fe842783          	lw	a5,-24(s0)
802002d8:	0007c703          	lbu	a4,0(a5)
802002dc:	06400793          	li	a5,100
802002e0:	02f71e63          	bne	a4,a5,8020031c <format_to_str+0xd4>
802002e4:	fe442783          	lw	a5,-28(s0)
802002e8:	00478713          	addi	a4,a5,4
802002ec:	fee42223          	sw	a4,-28(s0)
802002f0:	0007a483          	lw	s1,0(a5)
802002f4:	fec42503          	lw	a0,-20(s0)
802002f8:	3e0010ef          	jal	802016d8 <strlen>
802002fc:	00050713          	mv	a4,a0
80200300:	fec42783          	lw	a5,-20(s0)
80200304:	00e787b3          	add	a5,a5,a4
80200308:	00a00613          	li	a2,10
8020030c:	00078593          	mv	a1,a5
80200310:	00048513          	mv	a0,s1
80200314:	484000ef          	jal	80200798 <itoa>
80200318:	0480006f          	j	80200360 <format_to_str+0x118>
8020031c:	fe842783          	lw	a5,-24(s0)
80200320:	0007c703          	lbu	a4,0(a5)
80200324:	07800793          	li	a5,120
80200328:	02f71c63          	bne	a4,a5,80200360 <format_to_str+0x118>
8020032c:	fe442783          	lw	a5,-28(s0)
80200330:	00478713          	addi	a4,a5,4
80200334:	fee42223          	sw	a4,-28(s0)
80200338:	0007a483          	lw	s1,0(a5)
8020033c:	fec42503          	lw	a0,-20(s0)
80200340:	398010ef          	jal	802016d8 <strlen>
80200344:	00050713          	mv	a4,a0
80200348:	fec42783          	lw	a5,-20(s0)
8020034c:	00e787b3          	add	a5,a5,a4
80200350:	01000613          	li	a2,16
80200354:	00078593          	mv	a1,a5
80200358:	00048513          	mv	a0,s1
8020035c:	43c000ef          	jal	80200798 <itoa>
80200360:	fe842783          	lw	a5,-24(s0)
80200364:	00178793          	addi	a5,a5,1
80200368:	fef42423          	sw	a5,-24(s0)
8020036c:	fe842783          	lw	a5,-24(s0)
80200370:	0007c783          	lbu	a5,0(a5)
80200374:	f00790e3          	bnez	a5,80200274 <format_to_str+0x2c>
80200378:	00000013          	nop
8020037c:	00000013          	nop
80200380:	01c12083          	lw	ra,28(sp)
80200384:	01812403          	lw	s0,24(sp)
80200388:	01412483          	lw	s1,20(sp)
8020038c:	02010113          	addi	sp,sp,32
80200390:	00008067          	ret

80200394 <my_printf>:
my_printf():
80200394:	db010113          	addi	sp,sp,-592
80200398:	22112623          	sw	ra,556(sp)
8020039c:	22812423          	sw	s0,552(sp)
802003a0:	23010413          	addi	s0,sp,560
802003a4:	dca42e23          	sw	a0,-548(s0)
802003a8:	00b42223          	sw	a1,4(s0)
802003ac:	00c42423          	sw	a2,8(s0)
802003b0:	00d42623          	sw	a3,12(s0)
802003b4:	00e42823          	sw	a4,16(s0)
802003b8:	00f42a23          	sw	a5,20(s0)
802003bc:	01042c23          	sw	a6,24(s0)
802003c0:	01142e23          	sw	a7,28(s0)
802003c4:	de040823          	sb	zero,-528(s0)
802003c8:	02040793          	addi	a5,s0,32
802003cc:	dcf42c23          	sw	a5,-552(s0)
802003d0:	dd842783          	lw	a5,-552(s0)
802003d4:	fe478793          	addi	a5,a5,-28
802003d8:	def42623          	sw	a5,-532(s0)
802003dc:	dec42703          	lw	a4,-532(s0)
802003e0:	df040793          	addi	a5,s0,-528
802003e4:	00070613          	mv	a2,a4
802003e8:	ddc42583          	lw	a1,-548(s0)
802003ec:	00078513          	mv	a0,a5
802003f0:	e59ff0ef          	jal	80200248 <format_to_str>
802003f4:	df040793          	addi	a5,s0,-528
802003f8:	00078513          	mv	a0,a5
802003fc:	2dc010ef          	jal	802016d8 <strlen>
80200400:	00050713          	mv	a4,a0
80200404:	df040793          	addi	a5,s0,-528
80200408:	00070593          	mv	a1,a4
8020040c:	00078513          	mv	a0,a5
80200410:	214000ef          	jal	80200624 <term_write>
80200414:	00000013          	nop
80200418:	00078513          	mv	a0,a5
8020041c:	22c12083          	lw	ra,556(sp)
80200420:	22812403          	lw	s0,552(sp)
80200424:	25010113          	addi	sp,sp,592
80200428:	00008067          	ret

8020042c <exit>:
exit():
8020042c:	dd010113          	addi	sp,sp,-560
80200430:	22112623          	sw	ra,556(sp)
80200434:	22812423          	sw	s0,552(sp)
80200438:	23010413          	addi	s0,sp,560
8020043c:	dca42e23          	sw	a0,-548(s0)
80200440:	00100793          	li	a5,1
80200444:	def42423          	sw	a5,-536(s0)
80200448:	de840793          	addi	a5,s0,-536
8020044c:	20800613          	li	a2,520
80200450:	00078593          	mv	a1,a5
80200454:	00100513          	li	a0,1
80200458:	234000ef          	jal	8020068c <sys_send>
8020045c:	0000006f          	j	8020045c <exit+0x30>

80200460 <dir_lookup>:
dir_lookup():
80200460:	dd010113          	addi	sp,sp,-560
80200464:	22112623          	sw	ra,556(sp)
80200468:	22812423          	sw	s0,552(sp)
8020046c:	23010413          	addi	s0,sp,560
80200470:	dca42e23          	sw	a0,-548(s0)
80200474:	dcb42c23          	sw	a1,-552(s0)
80200478:	de840793          	addi	a5,s0,-536
8020047c:	00078613          	mv	a2,a5
80200480:	00000593          	li	a1,0
80200484:	ddc42503          	lw	a0,-548(s0)
80200488:	0e8000ef          	jal	80200570 <file_read>
8020048c:	fe042623          	sw	zero,-20(s0)
80200490:	dd842503          	lw	a0,-552(s0)
80200494:	244010ef          	jal	802016d8 <strlen>
80200498:	fea42423          	sw	a0,-24(s0)
8020049c:	09c0006f          	j	80200538 <dir_lookup+0xd8>
802004a0:	de840713          	addi	a4,s0,-536
802004a4:	fec42783          	lw	a5,-20(s0)
802004a8:	00f707b3          	add	a5,a4,a5
802004ac:	fe842603          	lw	a2,-24(s0)
802004b0:	00078593          	mv	a1,a5
802004b4:	dd842503          	lw	a0,-552(s0)
802004b8:	095000ef          	jal	80200d4c <strncmp>
802004bc:	00050793          	mv	a5,a0
802004c0:	06079663          	bnez	a5,8020052c <dir_lookup+0xcc>
802004c4:	fec42703          	lw	a4,-20(s0)
802004c8:	fe842783          	lw	a5,-24(s0)
802004cc:	00f707b3          	add	a5,a4,a5
802004d0:	ff078793          	addi	a5,a5,-16
802004d4:	008787b3          	add	a5,a5,s0
802004d8:	df87c703          	lbu	a4,-520(a5)
802004dc:	02000793          	li	a5,32
802004e0:	04f71663          	bne	a4,a5,8020052c <dir_lookup+0xcc>
802004e4:	fec42783          	lw	a5,-20(s0)
802004e8:	02078063          	beqz	a5,80200508 <dir_lookup+0xa8>
802004ec:	fec42783          	lw	a5,-20(s0)
802004f0:	fff78793          	addi	a5,a5,-1
802004f4:	ff078793          	addi	a5,a5,-16
802004f8:	008787b3          	add	a5,a5,s0
802004fc:	df87c703          	lbu	a4,-520(a5)
80200500:	02000793          	li	a5,32
80200504:	02f71463          	bne	a4,a5,8020052c <dir_lookup+0xcc>
80200508:	fec42703          	lw	a4,-20(s0)
8020050c:	fe842783          	lw	a5,-24(s0)
80200510:	00f707b3          	add	a5,a4,a5
80200514:	de840713          	addi	a4,s0,-536
80200518:	00f707b3          	add	a5,a4,a5
8020051c:	00078513          	mv	a0,a5
80200520:	26c000ef          	jal	8020078c <atoi>
80200524:	00050793          	mv	a5,a0
80200528:	0340006f          	j	8020055c <dir_lookup+0xfc>
8020052c:	fec42783          	lw	a5,-20(s0)
80200530:	00178793          	addi	a5,a5,1
80200534:	fef42623          	sw	a5,-20(s0)
80200538:	de840793          	addi	a5,s0,-536
8020053c:	00078513          	mv	a0,a5
80200540:	198010ef          	jal	802016d8 <strlen>
80200544:	00050713          	mv	a4,a0
80200548:	fe842783          	lw	a5,-24(s0)
8020054c:	40f707b3          	sub	a5,a4,a5
80200550:	fec42703          	lw	a4,-20(s0)
80200554:	f4f766e3          	bltu	a4,a5,802004a0 <dir_lookup+0x40>
80200558:	fff00793          	li	a5,-1
8020055c:	00078513          	mv	a0,a5
80200560:	22c12083          	lw	ra,556(sp)
80200564:	22812403          	lw	s0,552(sp)
80200568:	23010113          	addi	sp,sp,560
8020056c:	00008067          	ret

80200570 <file_read>:
file_read():
80200570:	dd010113          	addi	sp,sp,-560
80200574:	22112623          	sw	ra,556(sp)
80200578:	22812423          	sw	s0,552(sp)
8020057c:	23010413          	addi	s0,sp,560
80200580:	dca42e23          	sw	a0,-548(s0)
80200584:	dcb42c23          	sw	a1,-552(s0)
80200588:	dcc42a23          	sw	a2,-556(s0)
8020058c:	00100793          	li	a5,1
80200590:	def42023          	sw	a5,-544(s0)
80200594:	ddc42783          	lw	a5,-548(s0)
80200598:	def42223          	sw	a5,-540(s0)
8020059c:	dd842783          	lw	a5,-552(s0)
802005a0:	def42423          	sw	a5,-536(s0)
802005a4:	de040793          	addi	a5,s0,-544
802005a8:	20c00613          	li	a2,524
802005ac:	00078593          	mv	a1,a5
802005b0:	00300513          	li	a0,3
802005b4:	0d8000ef          	jal	8020068c <sys_send>
802005b8:	40000693          	li	a3,1024
802005bc:	802097b7          	lui	a5,0x80209
802005c0:	c9878613          	addi	a2,a5,-872 # 80208c98 <buf>
802005c4:	802087b7          	lui	a5,0x80208
802005c8:	29078593          	addi	a1,a5,656 # 80208290 <sender>
802005cc:	00300513          	li	a0,3
802005d0:	12c000ef          	jal	802006fc <sys_recv>
802005d4:	802097b7          	lui	a5,0x80209
802005d8:	c9878793          	addi	a5,a5,-872 # 80208c98 <buf>
802005dc:	fef42623          	sw	a5,-20(s0)
802005e0:	fec42783          	lw	a5,-20(s0)
802005e4:	00478793          	addi	a5,a5,4
802005e8:	20000613          	li	a2,512
802005ec:	00078593          	mv	a1,a5
802005f0:	dd442503          	lw	a0,-556(s0)
802005f4:	7bd000ef          	jal	802015b0 <memcpy>
802005f8:	fec42783          	lw	a5,-20(s0)
802005fc:	0007a783          	lw	a5,0(a5)
80200600:	00079663          	bnez	a5,8020060c <file_read+0x9c>
80200604:	00000793          	li	a5,0
80200608:	0080006f          	j	80200610 <file_read+0xa0>
8020060c:	fff00793          	li	a5,-1
80200610:	00078513          	mv	a0,a5
80200614:	22c12083          	lw	ra,556(sp)
80200618:	22812403          	lw	s0,552(sp)
8020061c:	23010113          	addi	sp,sp,560
80200620:	00008067          	ret

80200624 <term_write>:
term_write():
80200624:	dd010113          	addi	sp,sp,-560
80200628:	22112623          	sw	ra,556(sp)
8020062c:	22812423          	sw	s0,552(sp)
80200630:	23010413          	addi	s0,sp,560
80200634:	dca42e23          	sw	a0,-548(s0)
80200638:	dcb42c23          	sw	a1,-552(s0)
8020063c:	00100793          	li	a5,1
80200640:	def42423          	sw	a5,-536(s0)
80200644:	dd842783          	lw	a5,-552(s0)
80200648:	def42623          	sw	a5,-532(s0)
8020064c:	de840793          	addi	a5,s0,-536
80200650:	00878793          	addi	a5,a5,8
80200654:	dd842603          	lw	a2,-552(s0)
80200658:	ddc42583          	lw	a1,-548(s0)
8020065c:	00078513          	mv	a0,a5
80200660:	751000ef          	jal	802015b0 <memcpy>
80200664:	de840793          	addi	a5,s0,-536
80200668:	20800613          	li	a2,520
8020066c:	00078593          	mv	a1,a5
80200670:	00200513          	li	a0,2
80200674:	018000ef          	jal	8020068c <sys_send>
80200678:	00000013          	nop
8020067c:	22c12083          	lw	ra,556(sp)
80200680:	22812403          	lw	s0,552(sp)
80200684:	23010113          	addi	sp,sp,560
80200688:	00008067          	ret

8020068c <sys_send>:
sys_send():
8020068c:	fe010113          	addi	sp,sp,-32
80200690:	00112e23          	sw	ra,28(sp)
80200694:	00812c23          	sw	s0,24(sp)
80200698:	02010413          	addi	s0,sp,32
8020069c:	fea42623          	sw	a0,-20(s0)
802006a0:	feb42423          	sw	a1,-24(s0)
802006a4:	fec42223          	sw	a2,-28(s0)
802006a8:	802087b7          	lui	a5,0x80208
802006ac:	2887a783          	lw	a5,648(a5) # 80208288 <sc>
802006b0:	00200713          	li	a4,2
802006b4:	00e7a023          	sw	a4,0(a5)
802006b8:	802087b7          	lui	a5,0x80208
802006bc:	2887a783          	lw	a5,648(a5) # 80208288 <sc>
802006c0:	fec42703          	lw	a4,-20(s0)
802006c4:	00e7a423          	sw	a4,8(a5)
802006c8:	802087b7          	lui	a5,0x80208
802006cc:	2887a783          	lw	a5,648(a5) # 80208288 <sc>
802006d0:	00c78793          	addi	a5,a5,12
802006d4:	fe442603          	lw	a2,-28(s0)
802006d8:	fe842583          	lw	a1,-24(s0)
802006dc:	00078513          	mv	a0,a5
802006e0:	6d1000ef          	jal	802015b0 <memcpy>
802006e4:	00000073          	ecall
802006e8:	00000013          	nop
802006ec:	01c12083          	lw	ra,28(sp)
802006f0:	01812403          	lw	s0,24(sp)
802006f4:	02010113          	addi	sp,sp,32
802006f8:	00008067          	ret

802006fc <sys_recv>:
sys_recv():
802006fc:	fe010113          	addi	sp,sp,-32
80200700:	00112e23          	sw	ra,28(sp)
80200704:	00812c23          	sw	s0,24(sp)
80200708:	02010413          	addi	s0,sp,32
8020070c:	fea42623          	sw	a0,-20(s0)
80200710:	feb42423          	sw	a1,-24(s0)
80200714:	fec42223          	sw	a2,-28(s0)
80200718:	fed42023          	sw	a3,-32(s0)
8020071c:	802087b7          	lui	a5,0x80208
80200720:	2887a783          	lw	a5,648(a5) # 80208288 <sc>
80200724:	00100713          	li	a4,1
80200728:	00e7a023          	sw	a4,0(a5)
8020072c:	802087b7          	lui	a5,0x80208
80200730:	2887a783          	lw	a5,648(a5) # 80208288 <sc>
80200734:	fec42703          	lw	a4,-20(s0)
80200738:	00e7a223          	sw	a4,4(a5)
8020073c:	00000073          	ecall
80200740:	802087b7          	lui	a5,0x80208
80200744:	2887a783          	lw	a5,648(a5) # 80208288 <sc>
80200748:	00c78793          	addi	a5,a5,12
8020074c:	fe042603          	lw	a2,-32(s0)
80200750:	00078593          	mv	a1,a5
80200754:	fe442503          	lw	a0,-28(s0)
80200758:	659000ef          	jal	802015b0 <memcpy>
8020075c:	fe842783          	lw	a5,-24(s0)
80200760:	00078c63          	beqz	a5,80200778 <sys_recv+0x7c>
80200764:	802087b7          	lui	a5,0x80208
80200768:	2887a783          	lw	a5,648(a5) # 80208288 <sc>
8020076c:	0047a703          	lw	a4,4(a5)
80200770:	fe842783          	lw	a5,-24(s0)
80200774:	00e7a023          	sw	a4,0(a5)
80200778:	00000013          	nop
8020077c:	01c12083          	lw	ra,28(sp)
80200780:	01812403          	lw	s0,24(sp)
80200784:	02010113          	addi	sp,sp,32
80200788:	00008067          	ret

8020078c <atoi>:
atoi():
8020078c:	00a00613          	li	a2,10
80200790:	00000593          	li	a1,0
80200794:	2f80006f          	j	80200a8c <strtol>

80200798 <itoa>:
itoa():
80200798:	ff010113          	addi	sp,sp,-16
8020079c:	00812423          	sw	s0,8(sp)
802007a0:	00112623          	sw	ra,12(sp)
802007a4:	ffe60713          	addi	a4,a2,-2
802007a8:	02200793          	li	a5,34
802007ac:	00058413          	mv	s0,a1
802007b0:	04e7e063          	bltu	a5,a4,802007f0 <itoa+0x58>
802007b4:	00a00793          	li	a5,10
802007b8:	02f60063          	beq	a2,a5,802007d8 <itoa+0x40>
802007bc:	00040593          	mv	a1,s0
802007c0:	2ec000ef          	jal	80200aac <__utoa>
802007c4:	00c12083          	lw	ra,12(sp)
802007c8:	00040513          	mv	a0,s0
802007cc:	00812403          	lw	s0,8(sp)
802007d0:	01010113          	addi	sp,sp,16
802007d4:	00008067          	ret
802007d8:	fe0552e3          	bgez	a0,802007bc <itoa+0x24>
802007dc:	02d00793          	li	a5,45
802007e0:	00f58023          	sb	a5,0(a1)
802007e4:	40a00533          	neg	a0,a0
802007e8:	00158593          	addi	a1,a1,1
802007ec:	fd5ff06f          	j	802007c0 <itoa+0x28>
802007f0:	00058023          	sb	zero,0(a1)
802007f4:	00c12083          	lw	ra,12(sp)
802007f8:	00812403          	lw	s0,8(sp)
802007fc:	00000513          	li	a0,0
80200800:	01010113          	addi	sp,sp,16
80200804:	00008067          	ret

80200808 <_strtol_l.isra.0>:
_strtol_l.isra.0():
80200808:	fb010113          	addi	sp,sp,-80
8020080c:	04112623          	sw	ra,76(sp)
80200810:	02400793          	li	a5,36
80200814:	00a12423          	sw	a0,8(sp)
80200818:	18d7ec63          	bltu	a5,a3,802009b0 <_strtol_l.isra.0+0x1a8>
8020081c:	04812423          	sw	s0,72(sp)
80200820:	05212023          	sw	s2,64(sp)
80200824:	03312e23          	sw	s3,60(sp)
80200828:	03412c23          	sw	s4,56(sp)
8020082c:	03912223          	sw	s9,36(sp)
80200830:	00100793          	li	a5,1
80200834:	00068c93          	mv	s9,a3
80200838:	00058913          	mv	s2,a1
8020083c:	00060a13          	mv	s4,a2
80200840:	00068993          	mv	s3,a3
80200844:	00058413          	mv	s0,a1
80200848:	00008717          	auipc	a4,0x8
8020084c:	81d70713          	addi	a4,a4,-2019 # 80208065 <_ctype_+0x1>
80200850:	14f68663          	beq	a3,a5,8020099c <_strtol_l.isra.0+0x194>
80200854:	04912223          	sw	s1,68(sp)
80200858:	03512a23          	sw	s5,52(sp)
8020085c:	03612823          	sw	s6,48(sp)
80200860:	03712623          	sw	s7,44(sp)
80200864:	03812423          	sw	s8,40(sp)
80200868:	03a12023          	sw	s10,32(sp)
8020086c:	01b12e23          	sw	s11,28(sp)
80200870:	00040693          	mv	a3,s0
80200874:	00044483          	lbu	s1,0(s0)
80200878:	00140413          	addi	s0,s0,1
8020087c:	009707b3          	add	a5,a4,s1
80200880:	0007c783          	lbu	a5,0(a5)
80200884:	0087f793          	andi	a5,a5,8
80200888:	fe0794e3          	bnez	a5,80200870 <_strtol_l.isra.0+0x68>
8020088c:	02d00793          	li	a5,45
80200890:	1af48063          	beq	s1,a5,80200a30 <_strtol_l.isra.0+0x228>
80200894:	02b00793          	li	a5,43
80200898:	80000b37          	lui	s6,0x80000
8020089c:	12f48863          	beq	s1,a5,802009cc <_strtol_l.isra.0+0x1c4>
802008a0:	fffb0b13          	addi	s6,s6,-1 # 7fffffff <app_entry-0x200001>
802008a4:	00012623          	sw	zero,12(sp)
802008a8:	120c9c63          	bnez	s9,802009e0 <_strtol_l.isra.0+0x1d8>
802008ac:	00a00993          	li	s3,10
802008b0:	03000793          	li	a5,48
802008b4:	00098c93          	mv	s9,s3
802008b8:	1af48863          	beq	s1,a5,80200a68 <_strtol_l.isra.0+0x260>
802008bc:	00098593          	mv	a1,s3
802008c0:	000b0513          	mv	a0,s6
802008c4:	19c010ef          	jal	80201a60 <__umodsi3>
802008c8:	00050b93          	mv	s7,a0
802008cc:	00098593          	mv	a1,s3
802008d0:	000b0513          	mv	a0,s6
802008d4:	144010ef          	jal	80201a18 <__hidden___udivsi3>
802008d8:	00900d93          	li	s11,9
802008dc:	fd048793          	addi	a5,s1,-48
802008e0:	00050d13          	mv	s10,a0
802008e4:	00000713          	li	a4,0
802008e8:	00000513          	li	a0,0
802008ec:	01900a93          	li	s5,25
802008f0:	fff00c13          	li	s8,-1
802008f4:	02fdee63          	bltu	s11,a5,80200930 <_strtol_l.isra.0+0x128>
802008f8:	00078493          	mv	s1,a5
802008fc:	0594d263          	bge	s1,s9,80200940 <_strtol_l.isra.0+0x138>
80200900:	03870063          	beq	a4,s8,80200920 <_strtol_l.isra.0+0x118>
80200904:	fff00713          	li	a4,-1
80200908:	00ad6c63          	bltu	s10,a0,80200920 <_strtol_l.isra.0+0x118>
8020090c:	10ad0e63          	beq	s10,a0,80200a28 <_strtol_l.isra.0+0x220>
80200910:	00098593          	mv	a1,s3
80200914:	0d8010ef          	jal	802019ec <__mulsi3>
80200918:	00a48533          	add	a0,s1,a0
8020091c:	00100713          	li	a4,1
80200920:	00044483          	lbu	s1,0(s0)
80200924:	00140413          	addi	s0,s0,1
80200928:	fd048793          	addi	a5,s1,-48
8020092c:	fcfdf6e3          	bgeu	s11,a5,802008f8 <_strtol_l.isra.0+0xf0>
80200930:	fbf48793          	addi	a5,s1,-65
80200934:	0efae263          	bltu	s5,a5,80200a18 <_strtol_l.isra.0+0x210>
80200938:	fc948493          	addi	s1,s1,-55
8020093c:	fd94c2e3          	blt	s1,s9,80200900 <_strtol_l.isra.0+0xf8>
80200940:	fff00793          	li	a5,-1
80200944:	10f70263          	beq	a4,a5,80200a48 <_strtol_l.isra.0+0x240>
80200948:	00c12783          	lw	a5,12(sp)
8020094c:	00078463          	beqz	a5,80200954 <_strtol_l.isra.0+0x14c>
80200950:	40a00533          	neg	a0,a0
80200954:	000a0663          	beqz	s4,80200960 <_strtol_l.isra.0+0x158>
80200958:	12071663          	bnez	a4,80200a84 <_strtol_l.isra.0+0x27c>
8020095c:	012a2023          	sw	s2,0(s4)
80200960:	04812403          	lw	s0,72(sp)
80200964:	04c12083          	lw	ra,76(sp)
80200968:	04412483          	lw	s1,68(sp)
8020096c:	04012903          	lw	s2,64(sp)
80200970:	03c12983          	lw	s3,60(sp)
80200974:	03812a03          	lw	s4,56(sp)
80200978:	03412a83          	lw	s5,52(sp)
8020097c:	03012b03          	lw	s6,48(sp)
80200980:	02c12b83          	lw	s7,44(sp)
80200984:	02812c03          	lw	s8,40(sp)
80200988:	02412c83          	lw	s9,36(sp)
8020098c:	02012d03          	lw	s10,32(sp)
80200990:	01c12d83          	lw	s11,28(sp)
80200994:	05010113          	addi	sp,sp,80
80200998:	00008067          	ret
8020099c:	04812403          	lw	s0,72(sp)
802009a0:	04012903          	lw	s2,64(sp)
802009a4:	03c12983          	lw	s3,60(sp)
802009a8:	03812a03          	lw	s4,56(sp)
802009ac:	02412c83          	lw	s9,36(sp)
802009b0:	319000ef          	jal	802014c8 <__errno>
802009b4:	04c12083          	lw	ra,76(sp)
802009b8:	01600793          	li	a5,22
802009bc:	00f52023          	sw	a5,0(a0)
802009c0:	00000513          	li	a0,0
802009c4:	05010113          	addi	sp,sp,80
802009c8:	00008067          	ret
802009cc:	00012623          	sw	zero,12(sp)
802009d0:	00044483          	lbu	s1,0(s0)
802009d4:	fffb0b13          	addi	s6,s6,-1
802009d8:	00268413          	addi	s0,a3,2
802009dc:	ec0c88e3          	beqz	s9,802008ac <_strtol_l.isra.0+0xa4>
802009e0:	01000793          	li	a5,16
802009e4:	ecfc9ce3          	bne	s9,a5,802008bc <_strtol_l.isra.0+0xb4>
802009e8:	03000793          	li	a5,48
802009ec:	000c8993          	mv	s3,s9
802009f0:	ecf496e3          	bne	s1,a5,802008bc <_strtol_l.isra.0+0xb4>
802009f4:	00044783          	lbu	a5,0(s0)
802009f8:	05800713          	li	a4,88
802009fc:	0df7f793          	andi	a5,a5,223
80200a00:	eae79ee3          	bne	a5,a4,802008bc <_strtol_l.isra.0+0xb4>
80200a04:	01000993          	li	s3,16
80200a08:	00144483          	lbu	s1,1(s0)
80200a0c:	00098c93          	mv	s9,s3
80200a10:	00240413          	addi	s0,s0,2
80200a14:	ea9ff06f          	j	802008bc <_strtol_l.isra.0+0xb4>
80200a18:	f9f48793          	addi	a5,s1,-97
80200a1c:	f2fae2e3          	bltu	s5,a5,80200940 <_strtol_l.isra.0+0x138>
80200a20:	fa948493          	addi	s1,s1,-87
80200a24:	ed9ff06f          	j	802008fc <_strtol_l.isra.0+0xf4>
80200a28:	ee9bcce3          	blt	s7,s1,80200920 <_strtol_l.isra.0+0x118>
80200a2c:	ee5ff06f          	j	80200910 <_strtol_l.isra.0+0x108>
80200a30:	00100793          	li	a5,1
80200a34:	00044483          	lbu	s1,0(s0)
80200a38:	80000b37          	lui	s6,0x80000
80200a3c:	00268413          	addi	s0,a3,2
80200a40:	00f12623          	sw	a5,12(sp)
80200a44:	e65ff06f          	j	802008a8 <_strtol_l.isra.0+0xa0>
80200a48:	00812703          	lw	a4,8(sp)
80200a4c:	02200793          	li	a5,34
80200a50:	000b0513          	mv	a0,s6
80200a54:	00f72023          	sw	a5,0(a4)
80200a58:	f00a04e3          	beqz	s4,80200960 <_strtol_l.isra.0+0x158>
80200a5c:	fff40913          	addi	s2,s0,-1
80200a60:	000b0513          	mv	a0,s6
80200a64:	ef9ff06f          	j	8020095c <_strtol_l.isra.0+0x154>
80200a68:	00044783          	lbu	a5,0(s0)
80200a6c:	05800713          	li	a4,88
80200a70:	0df7f793          	andi	a5,a5,223
80200a74:	f8e788e3          	beq	a5,a4,80200a04 <_strtol_l.isra.0+0x1fc>
80200a78:	00800993          	li	s3,8
80200a7c:	00098c93          	mv	s9,s3
80200a80:	e3dff06f          	j	802008bc <_strtol_l.isra.0+0xb4>
80200a84:	00050b13          	mv	s6,a0
80200a88:	fd5ff06f          	j	80200a5c <_strtol_l.isra.0+0x254>

80200a8c <strtol>:
strtol():
80200a8c:	00050713          	mv	a4,a0
80200a90:	00007517          	auipc	a0,0x7
80200a94:	7fc52503          	lw	a0,2044(a0) # 8020828c <_impure_ptr>
80200a98:	00058793          	mv	a5,a1
80200a9c:	00060693          	mv	a3,a2
80200aa0:	00070593          	mv	a1,a4
80200aa4:	00078613          	mv	a2,a5
80200aa8:	d61ff06f          	j	80200808 <_strtol_l.isra.0>

80200aac <__utoa>:
__utoa():
80200aac:	00007797          	auipc	a5,0x7
80200ab0:	59078793          	addi	a5,a5,1424 # 8020803c <__modsi3+0x65a8>
80200ab4:	0007a283          	lw	t0,0(a5)
80200ab8:	0047af83          	lw	t6,4(a5)
80200abc:	0087af03          	lw	t5,8(a5)
80200ac0:	00c7ae83          	lw	t4,12(a5)
80200ac4:	0107ae03          	lw	t3,16(a5)
80200ac8:	0147a303          	lw	t1,20(a5)
80200acc:	0187a883          	lw	a7,24(a5)
80200ad0:	01c7a803          	lw	a6,28(a5)
80200ad4:	0207a683          	lw	a3,32(a5)
80200ad8:	00007797          	auipc	a5,0x7
80200adc:	5887c783          	lbu	a5,1416(a5) # 80208060 <__modsi3+0x65cc>
80200ae0:	fb010113          	addi	sp,sp,-80
80200ae4:	03512a23          	sw	s5,52(sp)
80200ae8:	02f10623          	sb	a5,44(sp)
80200aec:	04112623          	sw	ra,76(sp)
80200af0:	ffe60713          	addi	a4,a2,-2
80200af4:	00512423          	sw	t0,8(sp)
80200af8:	01f12623          	sw	t6,12(sp)
80200afc:	01e12823          	sw	t5,16(sp)
80200b00:	01d12a23          	sw	t4,20(sp)
80200b04:	01c12c23          	sw	t3,24(sp)
80200b08:	00612e23          	sw	t1,28(sp)
80200b0c:	03112023          	sw	a7,32(sp)
80200b10:	03012223          	sw	a6,36(sp)
80200b14:	02d12423          	sw	a3,40(sp)
80200b18:	02200793          	li	a5,34
80200b1c:	00058a93          	mv	s5,a1
80200b20:	0ce7e463          	bltu	a5,a4,80200be8 <__utoa+0x13c>
80200b24:	04812423          	sw	s0,72(sp)
80200b28:	04912223          	sw	s1,68(sp)
80200b2c:	05212023          	sw	s2,64(sp)
80200b30:	03312e23          	sw	s3,60(sp)
80200b34:	03412c23          	sw	s4,56(sp)
80200b38:	03612823          	sw	s6,48(sp)
80200b3c:	00060493          	mv	s1,a2
80200b40:	00050413          	mv	s0,a0
80200b44:	00000913          	li	s2,0
80200b48:	00048593          	mv	a1,s1
80200b4c:	00040513          	mv	a0,s0
80200b50:	711000ef          	jal	80201a60 <__umodsi3>
80200b54:	00250533          	add	a0,a0,sp
80200b58:	00854783          	lbu	a5,8(a0)
80200b5c:	00090993          	mv	s3,s2
80200b60:	00190913          	addi	s2,s2,1
80200b64:	012a8a33          	add	s4,s5,s2
80200b68:	00040513          	mv	a0,s0
80200b6c:	00048593          	mv	a1,s1
80200b70:	fefa0fa3          	sb	a5,-1(s4)
80200b74:	00040b13          	mv	s6,s0
80200b78:	6a1000ef          	jal	80201a18 <__hidden___udivsi3>
80200b7c:	00050413          	mv	s0,a0
80200b80:	fc9b74e3          	bgeu	s6,s1,80200b48 <__utoa+0x9c>
80200b84:	000a0023          	sb	zero,0(s4)
80200b88:	02098a63          	beqz	s3,80200bbc <__utoa+0x110>
80200b8c:	000a8693          	mv	a3,s5
80200b90:	013a8733          	add	a4,s5,s3
80200b94:	00000793          	li	a5,0
80200b98:	00074583          	lbu	a1,0(a4)
80200b9c:	0006c603          	lbu	a2,0(a3)
80200ba0:	00178793          	addi	a5,a5,1
80200ba4:	00b68023          	sb	a1,0(a3)
80200ba8:	00c70023          	sb	a2,0(a4)
80200bac:	40f98633          	sub	a2,s3,a5
80200bb0:	00168693          	addi	a3,a3,1
80200bb4:	fff70713          	addi	a4,a4,-1
80200bb8:	fec7c0e3          	blt	a5,a2,80200b98 <__utoa+0xec>
80200bbc:	04812403          	lw	s0,72(sp)
80200bc0:	04c12083          	lw	ra,76(sp)
80200bc4:	04412483          	lw	s1,68(sp)
80200bc8:	04012903          	lw	s2,64(sp)
80200bcc:	03c12983          	lw	s3,60(sp)
80200bd0:	03812a03          	lw	s4,56(sp)
80200bd4:	03012b03          	lw	s6,48(sp)
80200bd8:	000a8513          	mv	a0,s5
80200bdc:	03412a83          	lw	s5,52(sp)
80200be0:	05010113          	addi	sp,sp,80
80200be4:	00008067          	ret
80200be8:	00058023          	sb	zero,0(a1)
80200bec:	04c12083          	lw	ra,76(sp)
80200bf0:	03412a83          	lw	s5,52(sp)
80200bf4:	00000513          	li	a0,0
80200bf8:	05010113          	addi	sp,sp,80
80200bfc:	00008067          	ret

80200c00 <strcat>:
strcat():
80200c00:	ff010113          	addi	sp,sp,-16
80200c04:	00812423          	sw	s0,8(sp)
80200c08:	00112623          	sw	ra,12(sp)
80200c0c:	00357793          	andi	a5,a0,3
80200c10:	00050413          	mv	s0,a0
80200c14:	06079663          	bnez	a5,80200c80 <strcat+0x80>
80200c18:	00052703          	lw	a4,0(a0)
80200c1c:	feff0637          	lui	a2,0xfeff0
80200c20:	eff60613          	addi	a2,a2,-257 # fefefeff <__heap_end+0x7ecefeff>
80200c24:	00c707b3          	add	a5,a4,a2
80200c28:	808086b7          	lui	a3,0x80808
80200c2c:	fff74713          	not	a4,a4
80200c30:	00e7f7b3          	and	a5,a5,a4
80200c34:	08068693          	addi	a3,a3,128 # 80808080 <__heap_end+0x508080>
80200c38:	00d7f7b3          	and	a5,a5,a3
80200c3c:	04079263          	bnez	a5,80200c80 <strcat+0x80>
80200c40:	00452703          	lw	a4,4(a0)
80200c44:	00450513          	addi	a0,a0,4
80200c48:	00c707b3          	add	a5,a4,a2
80200c4c:	fff74713          	not	a4,a4
80200c50:	00e7f7b3          	and	a5,a5,a4
80200c54:	00d7f7b3          	and	a5,a5,a3
80200c58:	02079463          	bnez	a5,80200c80 <strcat+0x80>
80200c5c:	00452703          	lw	a4,4(a0)
80200c60:	00450513          	addi	a0,a0,4
80200c64:	00c707b3          	add	a5,a4,a2
80200c68:	fff74713          	not	a4,a4
80200c6c:	00e7f7b3          	and	a5,a5,a4
80200c70:	00d7f7b3          	and	a5,a5,a3
80200c74:	fc0786e3          	beqz	a5,80200c40 <strcat+0x40>
80200c78:	0080006f          	j	80200c80 <strcat+0x80>
80200c7c:	00150513          	addi	a0,a0,1
80200c80:	00054783          	lbu	a5,0(a0)
80200c84:	fe079ce3          	bnez	a5,80200c7c <strcat+0x7c>
80200c88:	2dd000ef          	jal	80201764 <strcpy>
80200c8c:	00c12083          	lw	ra,12(sp)
80200c90:	00040513          	mv	a0,s0
80200c94:	00812403          	lw	s0,8(sp)
80200c98:	01010113          	addi	sp,sp,16
80200c9c:	00008067          	ret

80200ca0 <strncat>:
strncat():
80200ca0:	00357713          	andi	a4,a0,3
80200ca4:	00050793          	mv	a5,a0
80200ca8:	06071663          	bnez	a4,80200d14 <strncat+0x74>
80200cac:	00052683          	lw	a3,0(a0)
80200cb0:	feff08b7          	lui	a7,0xfeff0
80200cb4:	eff88893          	addi	a7,a7,-257 # fefefeff <__heap_end+0x7ecefeff>
80200cb8:	01168733          	add	a4,a3,a7
80200cbc:	80808837          	lui	a6,0x80808
80200cc0:	fff6c693          	not	a3,a3
80200cc4:	00d77733          	and	a4,a4,a3
80200cc8:	08080813          	addi	a6,a6,128 # 80808080 <__heap_end+0x508080>
80200ccc:	01077733          	and	a4,a4,a6
80200cd0:	04071263          	bnez	a4,80200d14 <strncat+0x74>
80200cd4:	0047a683          	lw	a3,4(a5)
80200cd8:	00478793          	addi	a5,a5,4
80200cdc:	01168733          	add	a4,a3,a7
80200ce0:	fff6c693          	not	a3,a3
80200ce4:	00d77733          	and	a4,a4,a3
80200ce8:	01077733          	and	a4,a4,a6
80200cec:	02071463          	bnez	a4,80200d14 <strncat+0x74>
80200cf0:	0047a683          	lw	a3,4(a5)
80200cf4:	00478793          	addi	a5,a5,4
80200cf8:	01168733          	add	a4,a3,a7
80200cfc:	fff6c693          	not	a3,a3
80200d00:	00d77733          	and	a4,a4,a3
80200d04:	01077733          	and	a4,a4,a6
80200d08:	fc0706e3          	beqz	a4,80200cd4 <strncat+0x34>
80200d0c:	0080006f          	j	80200d14 <strncat+0x74>
80200d10:	00178793          	addi	a5,a5,1
80200d14:	0007c703          	lbu	a4,0(a5)
80200d18:	fe071ce3          	bnez	a4,80200d10 <strncat+0x70>
80200d1c:	00c786b3          	add	a3,a5,a2
80200d20:	02060463          	beqz	a2,80200d48 <strncat+0xa8>
80200d24:	0005c703          	lbu	a4,0(a1)
80200d28:	00178793          	addi	a5,a5,1
80200d2c:	00158593          	addi	a1,a1,1
80200d30:	fee78fa3          	sb	a4,-1(a5)
80200d34:	00070863          	beqz	a4,80200d44 <strncat+0xa4>
80200d38:	fef696e3          	bne	a3,a5,80200d24 <strncat+0x84>
80200d3c:	00068023          	sb	zero,0(a3)
80200d40:	00008067          	ret
80200d44:	00008067          	ret
80200d48:	00008067          	ret

80200d4c <strncmp>:
strncmp():
80200d4c:	08060a63          	beqz	a2,80200de0 <strncmp+0x94>
80200d50:	00b567b3          	or	a5,a0,a1
80200d54:	0037f793          	andi	a5,a5,3
80200d58:	04079a63          	bnez	a5,80200dac <strncmp+0x60>
80200d5c:	feff0e37          	lui	t3,0xfeff0
80200d60:	80808337          	lui	t1,0x80808
80200d64:	00300893          	li	a7,3
80200d68:	effe0e13          	addi	t3,t3,-257 # fefefeff <__heap_end+0x7ecefeff>
80200d6c:	08030313          	addi	t1,t1,128 # 80808080 <__heap_end+0x508080>
80200d70:	02c8e063          	bltu	a7,a2,80200d90 <strncmp+0x44>
80200d74:	0380006f          	j	80200dac <strncmp+0x60>
80200d78:	ffc60613          	addi	a2,a2,-4
80200d7c:	06060263          	beqz	a2,80200de0 <strncmp+0x94>
80200d80:	06079063          	bnez	a5,80200de0 <strncmp+0x94>
80200d84:	00450513          	addi	a0,a0,4
80200d88:	00458593          	addi	a1,a1,4
80200d8c:	02c8f063          	bgeu	a7,a2,80200dac <strncmp+0x60>
80200d90:	00052703          	lw	a4,0(a0)
80200d94:	0005a683          	lw	a3,0(a1)
80200d98:	01c707b3          	add	a5,a4,t3
80200d9c:	fff74813          	not	a6,a4
80200da0:	0107f7b3          	and	a5,a5,a6
80200da4:	0067f7b3          	and	a5,a5,t1
80200da8:	fcd708e3          	beq	a4,a3,80200d78 <strncmp+0x2c>
80200dac:	00054783          	lbu	a5,0(a0)
80200db0:	0005c703          	lbu	a4,0(a1)
80200db4:	fff60613          	addi	a2,a2,-1
80200db8:	00c50633          	add	a2,a0,a2
80200dbc:	00e78e63          	beq	a5,a4,80200dd8 <strncmp+0x8c>
80200dc0:	0280006f          	j	80200de8 <strncmp+0x9c>
80200dc4:	00150513          	addi	a0,a0,1
80200dc8:	00078c63          	beqz	a5,80200de0 <strncmp+0x94>
80200dcc:	00054783          	lbu	a5,0(a0)
80200dd0:	0005c703          	lbu	a4,0(a1)
80200dd4:	00e79a63          	bne	a5,a4,80200de8 <strncmp+0x9c>
80200dd8:	00158593          	addi	a1,a1,1
80200ddc:	fea614e3          	bne	a2,a0,80200dc4 <strncmp+0x78>
80200de0:	00000513          	li	a0,0
80200de4:	00008067          	ret
80200de8:	40e78533          	sub	a0,a5,a4
80200dec:	00008067          	ret

80200df0 <critical_factorization>:
critical_factorization():
80200df0:	00100e13          	li	t3,1
80200df4:	10be7863          	bgeu	t3,a1,80200f04 <critical_factorization+0x114>
80200df8:	000e0813          	mv	a6,t3
80200dfc:	000e0793          	mv	a5,t3
80200e00:	00000893          	li	a7,0
80200e04:	fff00313          	li	t1,-1
80200e08:	0180006f          	j	80200e20 <critical_factorization+0x30>
80200e0c:	40678e33          	sub	t3,a5,t1
80200e10:	00078893          	mv	a7,a5
80200e14:	00100813          	li	a6,1
80200e18:	010887b3          	add	a5,a7,a6
80200e1c:	02b7fc63          	bgeu	a5,a1,80200e54 <critical_factorization+0x64>
80200e20:	006506b3          	add	a3,a0,t1
80200e24:	010686b3          	add	a3,a3,a6
80200e28:	00f50733          	add	a4,a0,a5
80200e2c:	0006c683          	lbu	a3,0(a3)
80200e30:	00074703          	lbu	a4,0(a4)
80200e34:	fcd76ce3          	bltu	a4,a3,80200e0c <critical_factorization+0x1c>
80200e38:	08d70c63          	beq	a4,a3,80200ed0 <critical_factorization+0xe0>
80200e3c:	00100e13          	li	t3,1
80200e40:	000e0813          	mv	a6,t3
80200e44:	00088313          	mv	t1,a7
80200e48:	01c888b3          	add	a7,a7,t3
80200e4c:	010887b3          	add	a5,a7,a6
80200e50:	fcb7e8e3          	bltu	a5,a1,80200e20 <critical_factorization+0x30>
80200e54:	00100e93          	li	t4,1
80200e58:	01c62023          	sw	t3,0(a2)
80200e5c:	000e8813          	mv	a6,t4
80200e60:	000e8793          	mv	a5,t4
80200e64:	00000893          	li	a7,0
80200e68:	fff00e13          	li	t3,-1
80200e6c:	0180006f          	j	80200e84 <critical_factorization+0x94>
80200e70:	41c78eb3          	sub	t4,a5,t3
80200e74:	00078893          	mv	a7,a5
80200e78:	00100813          	li	a6,1
80200e7c:	010887b3          	add	a5,a7,a6
80200e80:	02b7fc63          	bgeu	a5,a1,80200eb8 <critical_factorization+0xc8>
80200e84:	01c506b3          	add	a3,a0,t3
80200e88:	010686b3          	add	a3,a3,a6
80200e8c:	00f50733          	add	a4,a0,a5
80200e90:	0006c683          	lbu	a3,0(a3)
80200e94:	00074703          	lbu	a4,0(a4)
80200e98:	fce6ece3          	bltu	a3,a4,80200e70 <critical_factorization+0x80>
80200e9c:	04d70063          	beq	a4,a3,80200edc <critical_factorization+0xec>
80200ea0:	00100e93          	li	t4,1
80200ea4:	000e8813          	mv	a6,t4
80200ea8:	00088e13          	mv	t3,a7
80200eac:	01d888b3          	add	a7,a7,t4
80200eb0:	010887b3          	add	a5,a7,a6
80200eb4:	fcb7e8e3          	bltu	a5,a1,80200e84 <critical_factorization+0x94>
80200eb8:	001e0e13          	addi	t3,t3,1
80200ebc:	00130513          	addi	a0,t1,1
80200ec0:	04ae6063          	bltu	t3,a0,80200f00 <critical_factorization+0x110>
80200ec4:	01d62023          	sw	t4,0(a2)
80200ec8:	000e0513          	mv	a0,t3
80200ecc:	00008067          	ret
80200ed0:	01c80c63          	beq	a6,t3,80200ee8 <critical_factorization+0xf8>
80200ed4:	00180813          	addi	a6,a6,1
80200ed8:	f41ff06f          	j	80200e18 <critical_factorization+0x28>
80200edc:	01d80c63          	beq	a6,t4,80200ef4 <critical_factorization+0x104>
80200ee0:	00180813          	addi	a6,a6,1
80200ee4:	f99ff06f          	j	80200e7c <critical_factorization+0x8c>
80200ee8:	010888b3          	add	a7,a7,a6
80200eec:	00100813          	li	a6,1
80200ef0:	f29ff06f          	j	80200e18 <critical_factorization+0x28>
80200ef4:	010888b3          	add	a7,a7,a6
80200ef8:	00100813          	li	a6,1
80200efc:	f81ff06f          	j	80200e7c <critical_factorization+0x8c>
80200f00:	00008067          	ret
80200f04:	000e0e93          	mv	t4,t3
80200f08:	00000e13          	li	t3,0
80200f0c:	01d62023          	sw	t4,0(a2)
80200f10:	000e0513          	mv	a0,t3
80200f14:	00008067          	ret

80200f18 <two_way_long_needle>:
two_way_long_needle():
80200f18:	ba010113          	addi	sp,sp,-1120
80200f1c:	44912a23          	sw	s1,1108(sp)
80200f20:	45612023          	sw	s6,1088(sp)
80200f24:	43912a23          	sw	s9,1076(sp)
80200f28:	00060b13          	mv	s6,a2
80200f2c:	00050493          	mv	s1,a0
80200f30:	00058c93          	mv	s9,a1
80200f34:	00060513          	mv	a0,a2
80200f38:	00068593          	mv	a1,a3
80200f3c:	01c10613          	addi	a2,sp,28
80200f40:	43712e23          	sw	s7,1084(sp)
80200f44:	43a12823          	sw	s10,1072(sp)
80200f48:	43b12623          	sw	s11,1068(sp)
80200f4c:	44112e23          	sw	ra,1116(sp)
80200f50:	44812c23          	sw	s0,1112(sp)
80200f54:	45212823          	sw	s2,1104(sp)
80200f58:	45312623          	sw	s3,1100(sp)
80200f5c:	45412423          	sw	s4,1096(sp)
80200f60:	45512223          	sw	s5,1092(sp)
80200f64:	43812c23          	sw	s8,1080(sp)
80200f68:	00068b93          	mv	s7,a3
80200f6c:	02010d13          	addi	s10,sp,32
80200f70:	e81ff0ef          	jal	80200df0 <critical_factorization>
80200f74:	00050d93          	mv	s11,a0
80200f78:	000d0793          	mv	a5,s10
80200f7c:	0177a023          	sw	s7,0(a5)
80200f80:	42010713          	addi	a4,sp,1056
80200f84:	00478793          	addi	a5,a5,4
80200f88:	fee79ae3          	bne	a5,a4,80200f7c <two_way_long_needle+0x64>
80200f8c:	020b8863          	beqz	s7,80200fbc <two_way_long_needle+0xa4>
80200f90:	fffb8613          	addi	a2,s7,-1
80200f94:	00cb0633          	add	a2,s6,a2
80200f98:	017b05b3          	add	a1,s6,s7
80200f9c:	000b0713          	mv	a4,s6
80200fa0:	00074783          	lbu	a5,0(a4)
80200fa4:	40e606b3          	sub	a3,a2,a4
80200fa8:	00170713          	addi	a4,a4,1
80200fac:	00279793          	slli	a5,a5,0x2
80200fb0:	00fd07b3          	add	a5,s10,a5
80200fb4:	00d7a023          	sw	a3,0(a5)
80200fb8:	feb714e3          	bne	a4,a1,80200fa0 <two_way_long_needle+0x88>
80200fbc:	01c12903          	lw	s2,28(sp)
80200fc0:	000d8613          	mv	a2,s11
80200fc4:	000b0513          	mv	a0,s6
80200fc8:	012b05b3          	add	a1,s6,s2
80200fcc:	03d000ef          	jal	80201808 <memcmp>
80200fd0:	14051463          	bnez	a0,80201118 <two_way_long_needle+0x200>
80200fd4:	000019b7          	lui	s3,0x1
80200fd8:	80098993          	addi	s3,s3,-2048 # 800 <app_entry-0x801ff800>
80200fdc:	013be7b3          	or	a5,s7,s3
80200fe0:	00100a13          	li	s4,1
80200fe4:	00f12623          	sw	a5,12(sp)
80200fe8:	41ba0a33          	sub	s4,s4,s11
80200fec:	00000993          	li	s3,0
80200ff0:	00000413          	li	s0,0
80200ff4:	417c86b3          	sub	a3,s9,s7
80200ff8:	fffb8c13          	addi	s8,s7,-1
80200ffc:	412b8ab3          	sub	s5,s7,s2
80201000:	0286ec63          	bltu	a3,s0,80201038 <two_way_long_needle+0x120>
80201004:	008485b3          	add	a1,s1,s0
80201008:	018587b3          	add	a5,a1,s8
8020100c:	0007c783          	lbu	a5,0(a5)
80201010:	00279793          	slli	a5,a5,0x2
80201014:	00fd07b3          	add	a5,s10,a5
80201018:	0007a783          	lw	a5,0(a5)
8020101c:	06078a63          	beqz	a5,80201090 <two_way_long_needle+0x178>
80201020:	00098663          	beqz	s3,8020102c <two_way_long_needle+0x114>
80201024:	0127f463          	bgeu	a5,s2,8020102c <two_way_long_needle+0x114>
80201028:	000a8793          	mv	a5,s5
8020102c:	00f40433          	add	s0,s0,a5
80201030:	00000993          	li	s3,0
80201034:	fc86f8e3          	bgeu	a3,s0,80201004 <two_way_long_needle+0xec>
80201038:	00c12583          	lw	a1,12(sp)
8020103c:	01948533          	add	a0,s1,s9
80201040:	17d000ef          	jal	802019bc <strnlen>
80201044:	00ac8cb3          	add	s9,s9,a0
80201048:	417c86b3          	sub	a3,s9,s7
8020104c:	fa86fce3          	bgeu	a3,s0,80201004 <two_way_long_needle+0xec>
80201050:	00000513          	li	a0,0
80201054:	45c12083          	lw	ra,1116(sp)
80201058:	45812403          	lw	s0,1112(sp)
8020105c:	45412483          	lw	s1,1108(sp)
80201060:	45012903          	lw	s2,1104(sp)
80201064:	44c12983          	lw	s3,1100(sp)
80201068:	44812a03          	lw	s4,1096(sp)
8020106c:	44412a83          	lw	s5,1092(sp)
80201070:	44012b03          	lw	s6,1088(sp)
80201074:	43c12b83          	lw	s7,1084(sp)
80201078:	43812c03          	lw	s8,1080(sp)
8020107c:	43412c83          	lw	s9,1076(sp)
80201080:	43012d03          	lw	s10,1072(sp)
80201084:	42c12d83          	lw	s11,1068(sp)
80201088:	46010113          	addi	sp,sp,1120
8020108c:	00008067          	ret
80201090:	00098793          	mv	a5,s3
80201094:	01b9f463          	bgeu	s3,s11,8020109c <two_way_long_needle+0x184>
80201098:	000d8793          	mv	a5,s11
8020109c:	0187e863          	bltu	a5,s8,802010ac <two_way_long_needle+0x194>
802010a0:	0300006f          	j	802010d0 <two_way_long_needle+0x1b8>
802010a4:	00178793          	addi	a5,a5,1
802010a8:	02fc0463          	beq	s8,a5,802010d0 <two_way_long_needle+0x1b8>
802010ac:	00f40833          	add	a6,s0,a5
802010b0:	01048833          	add	a6,s1,a6
802010b4:	00fb0733          	add	a4,s6,a5
802010b8:	00084803          	lbu	a6,0(a6)
802010bc:	00074703          	lbu	a4,0(a4)
802010c0:	ff0702e3          	beq	a4,a6,802010a4 <two_way_long_needle+0x18c>
802010c4:	0187f663          	bgeu	a5,s8,802010d0 <two_way_long_needle+0x1b8>
802010c8:	008a0433          	add	s0,s4,s0
802010cc:	f61ff06f          	j	8020102c <two_way_long_needle+0x114>
802010d0:	fffd8793          	addi	a5,s11,-1
802010d4:	01b9e863          	bltu	s3,s11,802010e4 <two_way_long_needle+0x1cc>
802010d8:	1500006f          	j	80201228 <two_way_long_needle+0x310>
802010dc:	02f98463          	beq	s3,a5,80201104 <two_way_long_needle+0x1ec>
802010e0:	00080793          	mv	a5,a6
802010e4:	00f40533          	add	a0,s0,a5
802010e8:	00a48533          	add	a0,s1,a0
802010ec:	00fb0733          	add	a4,s6,a5
802010f0:	00054503          	lbu	a0,0(a0)
802010f4:	00074703          	lbu	a4,0(a4)
802010f8:	fff78813          	addi	a6,a5,-1
802010fc:	fea700e3          	beq	a4,a0,802010dc <two_way_long_needle+0x1c4>
80201100:	00178793          	addi	a5,a5,1
80201104:	00198613          	addi	a2,s3,1
80201108:	10c7ec63          	bltu	a5,a2,80201220 <two_way_long_needle+0x308>
8020110c:	01240433          	add	s0,s0,s2
80201110:	000a8993          	mv	s3,s5
80201114:	eedff06f          	j	80201000 <two_way_long_needle+0xe8>
80201118:	41bb89b3          	sub	s3,s7,s11
8020111c:	0fb9ee63          	bltu	s3,s11,80201218 <two_way_long_needle+0x300>
80201120:	00001437          	lui	s0,0x1
80201124:	00198993          	addi	s3,s3,1
80201128:	80040413          	addi	s0,s0,-2048 # 800 <app_entry-0x801ff800>
8020112c:	00100913          	li	s2,1
80201130:	01312e23          	sw	s3,28(sp)
80201134:	008be433          	or	s0,s7,s0
80201138:	41b90933          	sub	s2,s2,s11
8020113c:	00000a13          	li	s4,0
80201140:	417c86b3          	sub	a3,s9,s7
80201144:	fffb8a93          	addi	s5,s7,-1
80201148:	fff00c13          	li	s8,-1
8020114c:	0346e463          	bltu	a3,s4,80201174 <two_way_long_needle+0x25c>
80201150:	01448533          	add	a0,s1,s4
80201154:	015507b3          	add	a5,a0,s5
80201158:	0007c783          	lbu	a5,0(a5)
8020115c:	00279793          	slli	a5,a5,0x2
80201160:	00fd07b3          	add	a5,s10,a5
80201164:	0007a783          	lw	a5,0(a5)
80201168:	04078063          	beqz	a5,802011a8 <two_way_long_needle+0x290>
8020116c:	00fa0a33          	add	s4,s4,a5
80201170:	ff46f0e3          	bgeu	a3,s4,80201150 <two_way_long_needle+0x238>
80201174:	01948533          	add	a0,s1,s9
80201178:	00040593          	mv	a1,s0
8020117c:	041000ef          	jal	802019bc <strnlen>
80201180:	00ac8cb3          	add	s9,s9,a0
80201184:	417c86b3          	sub	a3,s9,s7
80201188:	ed46e4e3          	bltu	a3,s4,80201050 <two_way_long_needle+0x138>
8020118c:	01448533          	add	a0,s1,s4
80201190:	015507b3          	add	a5,a0,s5
80201194:	0007c783          	lbu	a5,0(a5)
80201198:	00279793          	slli	a5,a5,0x2
8020119c:	00fd07b3          	add	a5,s10,a5
802011a0:	0007a783          	lw	a5,0(a5)
802011a4:	fc0794e3          	bnez	a5,8020116c <two_way_long_needle+0x254>
802011a8:	000d8793          	mv	a5,s11
802011ac:	015de863          	bltu	s11,s5,802011bc <two_way_long_needle+0x2a4>
802011b0:	0340006f          	j	802011e4 <two_way_long_needle+0x2cc>
802011b4:	00178793          	addi	a5,a5,1
802011b8:	03578663          	beq	a5,s5,802011e4 <two_way_long_needle+0x2cc>
802011bc:	00fa0633          	add	a2,s4,a5
802011c0:	00c48633          	add	a2,s1,a2
802011c4:	00fb0733          	add	a4,s6,a5
802011c8:	00064603          	lbu	a2,0(a2)
802011cc:	00074703          	lbu	a4,0(a4)
802011d0:	fec702e3          	beq	a4,a2,802011b4 <two_way_long_needle+0x29c>
802011d4:	0157f863          	bgeu	a5,s5,802011e4 <two_way_long_needle+0x2cc>
802011d8:	01490a33          	add	s4,s2,s4
802011dc:	00fa0a33          	add	s4,s4,a5
802011e0:	f91ff06f          	j	80201170 <two_way_long_needle+0x258>
802011e4:	fffd8793          	addi	a5,s11,-1
802011e8:	01879663          	bne	a5,s8,802011f4 <two_way_long_needle+0x2dc>
802011ec:	e69ff06f          	j	80201054 <two_way_long_needle+0x13c>
802011f0:	e78782e3          	beq	a5,s8,80201054 <two_way_long_needle+0x13c>
802011f4:	00fa0733          	add	a4,s4,a5
802011f8:	00fb0633          	add	a2,s6,a5
802011fc:	00e48733          	add	a4,s1,a4
80201200:	00074703          	lbu	a4,0(a4)
80201204:	00064603          	lbu	a2,0(a2)
80201208:	fff78793          	addi	a5,a5,-1
8020120c:	fee602e3          	beq	a2,a4,802011f0 <two_way_long_needle+0x2d8>
80201210:	013a0a33          	add	s4,s4,s3
80201214:	f39ff06f          	j	8020114c <two_way_long_needle+0x234>
80201218:	000d8993          	mv	s3,s11
8020121c:	f05ff06f          	j	80201120 <two_way_long_needle+0x208>
80201220:	00058513          	mv	a0,a1
80201224:	e31ff06f          	j	80201054 <two_way_long_needle+0x13c>
80201228:	000d8793          	mv	a5,s11
8020122c:	ed9ff06f          	j	80201104 <two_way_long_needle+0x1ec>

80201230 <strstr>:
strstr():
80201230:	fa010113          	addi	sp,sp,-96
80201234:	04812c23          	sw	s0,88(sp)
80201238:	04912a23          	sw	s1,84(sp)
8020123c:	04112e23          	sw	ra,92(sp)
80201240:	00058493          	mv	s1,a1
80201244:	0005c583          	lbu	a1,0(a1)
80201248:	00050413          	mv	s0,a0
8020124c:	0e058e63          	beqz	a1,80201348 <strstr+0x118>
80201250:	0014c703          	lbu	a4,1(s1)
80201254:	16070863          	beqz	a4,802013c4 <strstr+0x194>
80201258:	0024c603          	lbu	a2,2(s1)
8020125c:	10060263          	beqz	a2,80201360 <strstr+0x130>
80201260:	0034c503          	lbu	a0,3(s1)
80201264:	1c050e63          	beqz	a0,80201440 <strstr+0x210>
80201268:	0044c783          	lbu	a5,4(s1)
8020126c:	16078663          	beqz	a5,802013d8 <strstr+0x1a8>
80201270:	00048513          	mv	a0,s1
80201274:	05212823          	sw	s2,80(sp)
80201278:	460000ef          	jal	802016d8 <strlen>
8020127c:	00050913          	mv	s2,a0
80201280:	20056593          	ori	a1,a0,512
80201284:	00040513          	mv	a0,s0
80201288:	734000ef          	jal	802019bc <strnlen>
8020128c:	1f256e63          	bltu	a0,s2,80201488 <strstr+0x258>
80201290:	0fe00793          	li	a5,254
80201294:	2127e663          	bltu	a5,s2,802014a0 <strstr+0x270>
80201298:	05312623          	sw	s3,76(sp)
8020129c:	04000613          	li	a2,64
802012a0:	412509b3          	sub	s3,a0,s2
802012a4:	00190593          	addi	a1,s2,1
802012a8:	00010513          	mv	a0,sp
802012ac:	05412423          	sw	s4,72(sp)
802012b0:	013409b3          	add	s3,s0,s3
802012b4:	220000ef          	jal	802014d4 <memset>
802012b8:	02090863          	beqz	s2,802012e8 <strstr+0xb8>
802012bc:	0ff97613          	zext.b	a2,s2
802012c0:	00c48633          	add	a2,s1,a2
802012c4:	00048713          	mv	a4,s1
802012c8:	009905b3          	add	a1,s2,s1
802012cc:	00074783          	lbu	a5,0(a4)
802012d0:	40e606b3          	sub	a3,a2,a4
802012d4:	00170713          	addi	a4,a4,1
802012d8:	03f7f793          	andi	a5,a5,63
802012dc:	002787b3          	add	a5,a5,sp
802012e0:	00d78023          	sb	a3,0(a5)
802012e4:	fee594e3          	bne	a1,a4,802012cc <strstr+0x9c>
802012e8:	fff40413          	addi	s0,s0,-1
802012ec:	012407b3          	add	a5,s0,s2
802012f0:	0007c783          	lbu	a5,0(a5)
802012f4:	03f7f793          	andi	a5,a5,63
802012f8:	002787b3          	add	a5,a5,sp
802012fc:	0007c783          	lbu	a5,0(a5)
80201300:	00f40433          	add	s0,s0,a5
80201304:	0089f863          	bgeu	s3,s0,80201314 <strstr+0xe4>
80201308:	0880006f          	j	80201390 <strstr+0x160>
8020130c:	01440433          	add	s0,s0,s4
80201310:	0889e063          	bltu	s3,s0,80201390 <strstr+0x160>
80201314:	012407b3          	add	a5,s0,s2
80201318:	0007c783          	lbu	a5,0(a5)
8020131c:	00090613          	mv	a2,s2
80201320:	00048593          	mv	a1,s1
80201324:	03f7f793          	andi	a5,a5,63
80201328:	002787b3          	add	a5,a5,sp
8020132c:	00040513          	mv	a0,s0
80201330:	0007ca03          	lbu	s4,0(a5)
80201334:	4d4000ef          	jal	80201808 <memcmp>
80201338:	fc051ae3          	bnez	a0,8020130c <strstr+0xdc>
8020133c:	05012903          	lw	s2,80(sp)
80201340:	04c12983          	lw	s3,76(sp)
80201344:	04812a03          	lw	s4,72(sp)
80201348:	05c12083          	lw	ra,92(sp)
8020134c:	00040513          	mv	a0,s0
80201350:	05812403          	lw	s0,88(sp)
80201354:	05412483          	lw	s1,84(sp)
80201358:	06010113          	addi	sp,sp,96
8020135c:	00008067          	ret
80201360:	01059593          	slli	a1,a1,0x10
80201364:	00e5e5b3          	or	a1,a1,a4
80201368:	00054703          	lbu	a4,0(a0)
8020136c:	00000793          	li	a5,0
80201370:	01079693          	slli	a3,a5,0x10
80201374:	0a070663          	beqz	a4,80201420 <strstr+0x1f0>
80201378:	00d767b3          	or	a5,a4,a3
8020137c:	00140413          	addi	s0,s0,1
80201380:	00044703          	lbu	a4,0(s0)
80201384:	fef596e3          	bne	a1,a5,80201370 <strstr+0x140>
80201388:	ffe40413          	addi	s0,s0,-2
8020138c:	fbdff06f          	j	80201348 <strstr+0x118>
80201390:	01298533          	add	a0,s3,s2
80201394:	00054783          	lbu	a5,0(a0)
80201398:	00078c63          	beqz	a5,802013b0 <strstr+0x180>
8020139c:	000015b7          	lui	a1,0x1
802013a0:	80058593          	addi	a1,a1,-2048 # 800 <app_entry-0x801ff800>
802013a4:	618000ef          	jal	802019bc <strnlen>
802013a8:	00a989b3          	add	s3,s3,a0
802013ac:	f289fee3          	bgeu	s3,s0,802012e8 <strstr+0xb8>
802013b0:	05012903          	lw	s2,80(sp)
802013b4:	04c12983          	lw	s3,76(sp)
802013b8:	04812a03          	lw	s4,72(sp)
802013bc:	00000413          	li	s0,0
802013c0:	f89ff06f          	j	80201348 <strstr+0x118>
802013c4:	05812403          	lw	s0,88(sp)
802013c8:	05c12083          	lw	ra,92(sp)
802013cc:	05412483          	lw	s1,84(sp)
802013d0:	06010113          	addi	sp,sp,96
802013d4:	4a80006f          	j	8020187c <strchr>
802013d8:	01859793          	slli	a5,a1,0x18
802013dc:	01071713          	slli	a4,a4,0x10
802013e0:	00044683          	lbu	a3,0(s0)
802013e4:	00e7e7b3          	or	a5,a5,a4
802013e8:	00a7e7b3          	or	a5,a5,a0
802013ec:	00861613          	slli	a2,a2,0x8
802013f0:	00c7e7b3          	or	a5,a5,a2
802013f4:	02068863          	beqz	a3,80201424 <strstr+0x1f4>
802013f8:	00000713          	li	a4,0
802013fc:	00040613          	mv	a2,s0
80201400:	00871713          	slli	a4,a4,0x8
80201404:	00140413          	addi	s0,s0,1
80201408:	00e6e733          	or	a4,a3,a4
8020140c:	00044683          	lbu	a3,0(s0)
80201410:	06068663          	beqz	a3,8020147c <strstr+0x24c>
80201414:	fee794e3          	bne	a5,a4,802013fc <strstr+0x1cc>
80201418:	ffd60413          	addi	s0,a2,-3
8020141c:	f2dff06f          	j	80201348 <strstr+0x118>
80201420:	f6f584e3          	beq	a1,a5,80201388 <strstr+0x158>
80201424:	00000413          	li	s0,0
80201428:	05c12083          	lw	ra,92(sp)
8020142c:	00040513          	mv	a0,s0
80201430:	05812403          	lw	s0,88(sp)
80201434:	05412483          	lw	s1,84(sp)
80201438:	06010113          	addi	sp,sp,96
8020143c:	00008067          	ret
80201440:	01071713          	slli	a4,a4,0x10
80201444:	01859793          	slli	a5,a1,0x18
80201448:	00044683          	lbu	a3,0(s0)
8020144c:	00e7e7b3          	or	a5,a5,a4
80201450:	00861613          	slli	a2,a2,0x8
80201454:	00c7e7b3          	or	a5,a5,a2
80201458:	00000713          	li	a4,0
8020145c:	00e6e633          	or	a2,a3,a4
80201460:	02068a63          	beqz	a3,80201494 <strstr+0x264>
80201464:	00861713          	slli	a4,a2,0x8
80201468:	00140413          	addi	s0,s0,1
8020146c:	00044683          	lbu	a3,0(s0)
80201470:	fee796e3          	bne	a5,a4,8020145c <strstr+0x22c>
80201474:	ffd40413          	addi	s0,s0,-3
80201478:	ed1ff06f          	j	80201348 <strstr+0x118>
8020147c:	f8e78ee3          	beq	a5,a4,80201418 <strstr+0x1e8>
80201480:	00000413          	li	s0,0
80201484:	fa5ff06f          	j	80201428 <strstr+0x1f8>
80201488:	05012903          	lw	s2,80(sp)
8020148c:	00000413          	li	s0,0
80201490:	f99ff06f          	j	80201428 <strstr+0x1f8>
80201494:	fee780e3          	beq	a5,a4,80201474 <strstr+0x244>
80201498:	00000413          	li	s0,0
8020149c:	f8dff06f          	j	80201428 <strstr+0x1f8>
802014a0:	00050593          	mv	a1,a0
802014a4:	00040513          	mv	a0,s0
802014a8:	05812403          	lw	s0,88(sp)
802014ac:	05c12083          	lw	ra,92(sp)
802014b0:	00090693          	mv	a3,s2
802014b4:	00048613          	mv	a2,s1
802014b8:	05012903          	lw	s2,80(sp)
802014bc:	05412483          	lw	s1,84(sp)
802014c0:	06010113          	addi	sp,sp,96
802014c4:	a55ff06f          	j	80200f18 <two_way_long_needle>

802014c8 <__errno>:
__errno():
802014c8:	00007517          	auipc	a0,0x7
802014cc:	dc452503          	lw	a0,-572(a0) # 8020828c <_impure_ptr>
802014d0:	00008067          	ret

802014d4 <memset>:
memset():
802014d4:	00f00313          	li	t1,15
802014d8:	00050713          	mv	a4,a0
802014dc:	02c37e63          	bgeu	t1,a2,80201518 <memset+0x44>
802014e0:	00f77793          	andi	a5,a4,15
802014e4:	0a079063          	bnez	a5,80201584 <memset+0xb0>
802014e8:	08059263          	bnez	a1,8020156c <memset+0x98>
802014ec:	ff067693          	andi	a3,a2,-16
802014f0:	00f67613          	andi	a2,a2,15
802014f4:	00e686b3          	add	a3,a3,a4
802014f8:	00b72023          	sw	a1,0(a4)
802014fc:	00b72223          	sw	a1,4(a4)
80201500:	00b72423          	sw	a1,8(a4)
80201504:	00b72623          	sw	a1,12(a4)
80201508:	01070713          	addi	a4,a4,16
8020150c:	fed766e3          	bltu	a4,a3,802014f8 <memset+0x24>
80201510:	00061463          	bnez	a2,80201518 <memset+0x44>
80201514:	00008067          	ret
80201518:	40c306b3          	sub	a3,t1,a2
8020151c:	00269693          	slli	a3,a3,0x2
80201520:	00000297          	auipc	t0,0x0
80201524:	005686b3          	add	a3,a3,t0
80201528:	00c68067          	jr	12(a3)
8020152c:	00b70723          	sb	a1,14(a4)
80201530:	00b706a3          	sb	a1,13(a4)
80201534:	00b70623          	sb	a1,12(a4)
80201538:	00b705a3          	sb	a1,11(a4)
8020153c:	00b70523          	sb	a1,10(a4)
80201540:	00b704a3          	sb	a1,9(a4)
80201544:	00b70423          	sb	a1,8(a4)
80201548:	00b703a3          	sb	a1,7(a4)
8020154c:	00b70323          	sb	a1,6(a4)
80201550:	00b702a3          	sb	a1,5(a4)
80201554:	00b70223          	sb	a1,4(a4)
80201558:	00b701a3          	sb	a1,3(a4)
8020155c:	00b70123          	sb	a1,2(a4)
80201560:	00b700a3          	sb	a1,1(a4)
80201564:	00b70023          	sb	a1,0(a4)
80201568:	00008067          	ret
8020156c:	0ff5f593          	zext.b	a1,a1
80201570:	00859693          	slli	a3,a1,0x8
80201574:	00d5e5b3          	or	a1,a1,a3
80201578:	01059693          	slli	a3,a1,0x10
8020157c:	00d5e5b3          	or	a1,a1,a3
80201580:	f6dff06f          	j	802014ec <memset+0x18>
80201584:	00279693          	slli	a3,a5,0x2
80201588:	00000297          	auipc	t0,0x0
8020158c:	005686b3          	add	a3,a3,t0
80201590:	00008293          	mv	t0,ra
80201594:	fa0680e7          	jalr	-96(a3)
80201598:	00028093          	mv	ra,t0
8020159c:	ff078793          	addi	a5,a5,-16
802015a0:	40f70733          	sub	a4,a4,a5
802015a4:	00f60633          	add	a2,a2,a5
802015a8:	f6c378e3          	bgeu	t1,a2,80201518 <memset+0x44>
802015ac:	f3dff06f          	j	802014e8 <memset+0x14>

802015b0 <memcpy>:
memcpy():
802015b0:	00a5c7b3          	xor	a5,a1,a0
802015b4:	0037f793          	andi	a5,a5,3
802015b8:	00c508b3          	add	a7,a0,a2
802015bc:	06079663          	bnez	a5,80201628 <memcpy+0x78>
802015c0:	00300793          	li	a5,3
802015c4:	06c7f263          	bgeu	a5,a2,80201628 <memcpy+0x78>
802015c8:	00357793          	andi	a5,a0,3
802015cc:	00050713          	mv	a4,a0
802015d0:	0c079a63          	bnez	a5,802016a4 <memcpy+0xf4>
802015d4:	ffc8f613          	andi	a2,a7,-4
802015d8:	40e606b3          	sub	a3,a2,a4
802015dc:	02000793          	li	a5,32
802015e0:	06d7c463          	blt	a5,a3,80201648 <memcpy+0x98>
802015e4:	00058693          	mv	a3,a1
802015e8:	00070793          	mv	a5,a4
802015ec:	02c77a63          	bgeu	a4,a2,80201620 <memcpy+0x70>
802015f0:	0006a803          	lw	a6,0(a3)
802015f4:	00478793          	addi	a5,a5,4
802015f8:	00468693          	addi	a3,a3,4
802015fc:	ff07ae23          	sw	a6,-4(a5)
80201600:	fec7e8e3          	bltu	a5,a2,802015f0 <memcpy+0x40>
80201604:	fff60613          	addi	a2,a2,-1
80201608:	40e60633          	sub	a2,a2,a4
8020160c:	ffc67613          	andi	a2,a2,-4
80201610:	00458593          	addi	a1,a1,4
80201614:	00470713          	addi	a4,a4,4
80201618:	00c585b3          	add	a1,a1,a2
8020161c:	00c70733          	add	a4,a4,a2
80201620:	01176863          	bltu	a4,a7,80201630 <memcpy+0x80>
80201624:	00008067          	ret
80201628:	00050713          	mv	a4,a0
8020162c:	ff157ce3          	bgeu	a0,a7,80201624 <memcpy+0x74>
80201630:	0005c783          	lbu	a5,0(a1)
80201634:	00170713          	addi	a4,a4,1
80201638:	00158593          	addi	a1,a1,1
8020163c:	fef70fa3          	sb	a5,-1(a4)
80201640:	fee898e3          	bne	a7,a4,80201630 <memcpy+0x80>
80201644:	00008067          	ret
80201648:	0205a683          	lw	a3,32(a1)
8020164c:	0005a383          	lw	t2,0(a1)
80201650:	0045a283          	lw	t0,4(a1)
80201654:	0085af83          	lw	t6,8(a1)
80201658:	00c5af03          	lw	t5,12(a1)
8020165c:	0105ae83          	lw	t4,16(a1)
80201660:	0145ae03          	lw	t3,20(a1)
80201664:	0185a303          	lw	t1,24(a1)
80201668:	01c5a803          	lw	a6,28(a1)
8020166c:	02470713          	addi	a4,a4,36
80201670:	fed72e23          	sw	a3,-4(a4)
80201674:	fc772e23          	sw	t2,-36(a4)
80201678:	40e606b3          	sub	a3,a2,a4
8020167c:	fe572023          	sw	t0,-32(a4)
80201680:	fff72223          	sw	t6,-28(a4)
80201684:	ffe72423          	sw	t5,-24(a4)
80201688:	ffd72623          	sw	t4,-20(a4)
8020168c:	ffc72823          	sw	t3,-16(a4)
80201690:	fe672a23          	sw	t1,-12(a4)
80201694:	ff072c23          	sw	a6,-8(a4)
80201698:	02458593          	addi	a1,a1,36
8020169c:	fad7c6e3          	blt	a5,a3,80201648 <memcpy+0x98>
802016a0:	f45ff06f          	j	802015e4 <memcpy+0x34>
802016a4:	0005c683          	lbu	a3,0(a1)
802016a8:	00170713          	addi	a4,a4,1
802016ac:	00377793          	andi	a5,a4,3
802016b0:	fed70fa3          	sb	a3,-1(a4)
802016b4:	00158593          	addi	a1,a1,1
802016b8:	f0078ee3          	beqz	a5,802015d4 <memcpy+0x24>
802016bc:	0005c683          	lbu	a3,0(a1)
802016c0:	00170713          	addi	a4,a4,1
802016c4:	00377793          	andi	a5,a4,3
802016c8:	fed70fa3          	sb	a3,-1(a4)
802016cc:	00158593          	addi	a1,a1,1
802016d0:	fc079ae3          	bnez	a5,802016a4 <memcpy+0xf4>
802016d4:	f01ff06f          	j	802015d4 <memcpy+0x24>

802016d8 <strlen>:
strlen():
802016d8:	00357793          	andi	a5,a0,3
802016dc:	00050713          	mv	a4,a0
802016e0:	04079c63          	bnez	a5,80201738 <strlen+0x60>
802016e4:	7f7f86b7          	lui	a3,0x7f7f8
802016e8:	f7f68693          	addi	a3,a3,-129 # 7f7f7f7f <app_entry-0xa08081>
802016ec:	fff00593          	li	a1,-1
802016f0:	00072603          	lw	a2,0(a4)
802016f4:	00470713          	addi	a4,a4,4
802016f8:	00d677b3          	and	a5,a2,a3
802016fc:	00d787b3          	add	a5,a5,a3
80201700:	00c7e7b3          	or	a5,a5,a2
80201704:	00d7e7b3          	or	a5,a5,a3
80201708:	feb784e3          	beq	a5,a1,802016f0 <strlen+0x18>
8020170c:	ffc74683          	lbu	a3,-4(a4)
80201710:	40a707b3          	sub	a5,a4,a0
80201714:	04068463          	beqz	a3,8020175c <strlen+0x84>
80201718:	ffd74683          	lbu	a3,-3(a4)
8020171c:	02068c63          	beqz	a3,80201754 <strlen+0x7c>
80201720:	ffe74503          	lbu	a0,-2(a4)
80201724:	00a03533          	snez	a0,a0
80201728:	00f50533          	add	a0,a0,a5
8020172c:	ffe50513          	addi	a0,a0,-2
80201730:	00008067          	ret
80201734:	fa0688e3          	beqz	a3,802016e4 <strlen+0xc>
80201738:	00074783          	lbu	a5,0(a4)
8020173c:	00170713          	addi	a4,a4,1
80201740:	00377693          	andi	a3,a4,3
80201744:	fe0798e3          	bnez	a5,80201734 <strlen+0x5c>
80201748:	40a70733          	sub	a4,a4,a0
8020174c:	fff70513          	addi	a0,a4,-1
80201750:	00008067          	ret
80201754:	ffd78513          	addi	a0,a5,-3
80201758:	00008067          	ret
8020175c:	ffc78513          	addi	a0,a5,-4
80201760:	00008067          	ret

80201764 <strcpy>:
strcpy():
80201764:	00b567b3          	or	a5,a0,a1
80201768:	0037f793          	andi	a5,a5,3
8020176c:	08079063          	bnez	a5,802017ec <strcpy+0x88>
80201770:	0005a703          	lw	a4,0(a1)
80201774:	7f7f86b7          	lui	a3,0x7f7f8
80201778:	f7f68693          	addi	a3,a3,-129 # 7f7f7f7f <app_entry-0xa08081>
8020177c:	00d77833          	and	a6,a4,a3
80201780:	00d80833          	add	a6,a6,a3
80201784:	00e86833          	or	a6,a6,a4
80201788:	00d86833          	or	a6,a6,a3
8020178c:	fff00793          	li	a5,-1
80201790:	00050613          	mv	a2,a0
80201794:	02f81463          	bne	a6,a5,802017bc <strcpy+0x58>
80201798:	00458593          	addi	a1,a1,4
8020179c:	00e62023          	sw	a4,0(a2)
802017a0:	0005a703          	lw	a4,0(a1)
802017a4:	00460613          	addi	a2,a2,4
802017a8:	00d777b3          	and	a5,a4,a3
802017ac:	00d787b3          	add	a5,a5,a3
802017b0:	00e7e7b3          	or	a5,a5,a4
802017b4:	00d7e7b3          	or	a5,a5,a3
802017b8:	ff0780e3          	beq	a5,a6,80201798 <strcpy+0x34>
802017bc:	0005c783          	lbu	a5,0(a1)
802017c0:	0015c703          	lbu	a4,1(a1)
802017c4:	0025c683          	lbu	a3,2(a1)
802017c8:	00f60023          	sb	a5,0(a2)
802017cc:	00078a63          	beqz	a5,802017e0 <strcpy+0x7c>
802017d0:	00e600a3          	sb	a4,1(a2)
802017d4:	00070663          	beqz	a4,802017e0 <strcpy+0x7c>
802017d8:	00d60123          	sb	a3,2(a2)
802017dc:	00069463          	bnez	a3,802017e4 <strcpy+0x80>
802017e0:	00008067          	ret
802017e4:	000601a3          	sb	zero,3(a2)
802017e8:	00008067          	ret
802017ec:	00050793          	mv	a5,a0
802017f0:	0005c703          	lbu	a4,0(a1)
802017f4:	00178793          	addi	a5,a5,1
802017f8:	00158593          	addi	a1,a1,1
802017fc:	fee78fa3          	sb	a4,-1(a5)
80201800:	fe0718e3          	bnez	a4,802017f0 <strcpy+0x8c>
80201804:	00008067          	ret

80201808 <memcmp>:
memcmp():
80201808:	00300793          	li	a5,3
8020180c:	02c7f663          	bgeu	a5,a2,80201838 <memcmp+0x30>
80201810:	00a5e733          	or	a4,a1,a0
80201814:	00377713          	andi	a4,a4,3
80201818:	04071e63          	bnez	a4,80201874 <memcmp+0x6c>
8020181c:	00052683          	lw	a3,0(a0)
80201820:	0005a703          	lw	a4,0(a1)
80201824:	04e69863          	bne	a3,a4,80201874 <memcmp+0x6c>
80201828:	ffc60613          	addi	a2,a2,-4
8020182c:	00450513          	addi	a0,a0,4
80201830:	00458593          	addi	a1,a1,4
80201834:	fec7e4e3          	bltu	a5,a2,8020181c <memcmp+0x14>
80201838:	fff60693          	addi	a3,a2,-1
8020183c:	02060863          	beqz	a2,8020186c <memcmp+0x64>
80201840:	00168693          	addi	a3,a3,1
80201844:	00d506b3          	add	a3,a0,a3
80201848:	0080006f          	j	80201850 <memcmp+0x48>
8020184c:	02a68063          	beq	a3,a0,8020186c <memcmp+0x64>
80201850:	00054783          	lbu	a5,0(a0)
80201854:	0005c703          	lbu	a4,0(a1)
80201858:	00150513          	addi	a0,a0,1
8020185c:	00158593          	addi	a1,a1,1
80201860:	fee786e3          	beq	a5,a4,8020184c <memcmp+0x44>
80201864:	40e78533          	sub	a0,a5,a4
80201868:	00008067          	ret
8020186c:	00000513          	li	a0,0
80201870:	00008067          	ret
80201874:	fff60693          	addi	a3,a2,-1
80201878:	fc9ff06f          	j	80201840 <memcmp+0x38>

8020187c <strchr>:
strchr():
8020187c:	0ff5f693          	zext.b	a3,a1
80201880:	00357793          	andi	a5,a0,3
80201884:	0c068063          	beqz	a3,80201944 <strchr+0xc8>
80201888:	00078e63          	beqz	a5,802018a4 <strchr+0x28>
8020188c:	00054783          	lbu	a5,0(a0)
80201890:	0a078663          	beqz	a5,8020193c <strchr+0xc0>
80201894:	0ad78663          	beq	a5,a3,80201940 <strchr+0xc4>
80201898:	00150513          	addi	a0,a0,1
8020189c:	00357793          	andi	a5,a0,3
802018a0:	fe0796e3          	bnez	a5,8020188c <strchr+0x10>
802018a4:	0ff5f593          	zext.b	a1,a1
802018a8:	00859893          	slli	a7,a1,0x8
802018ac:	00052703          	lw	a4,0(a0)
802018b0:	00b888b3          	add	a7,a7,a1
802018b4:	01089793          	slli	a5,a7,0x10
802018b8:	00f888b3          	add	a7,a7,a5
802018bc:	feff0837          	lui	a6,0xfeff0
802018c0:	00e8c7b3          	xor	a5,a7,a4
802018c4:	eff80813          	addi	a6,a6,-257 # fefefeff <__heap_end+0x7ecefeff>
802018c8:	010785b3          	add	a1,a5,a6
802018cc:	fff7c613          	not	a2,a5
802018d0:	010707b3          	add	a5,a4,a6
802018d4:	fff74713          	not	a4,a4
802018d8:	00c5f633          	and	a2,a1,a2
802018dc:	00e7f7b3          	and	a5,a5,a4
802018e0:	80808337          	lui	t1,0x80808
802018e4:	00c7e7b3          	or	a5,a5,a2
802018e8:	08030313          	addi	t1,t1,128 # 80808080 <__heap_end+0x508080>
802018ec:	0067f7b3          	and	a5,a5,t1
802018f0:	04079263          	bnez	a5,80201934 <strchr+0xb8>
802018f4:	00452703          	lw	a4,4(a0)
802018f8:	00450513          	addi	a0,a0,4
802018fc:	011747b3          	xor	a5,a4,a7
80201900:	fff7c593          	not	a1,a5
80201904:	01078633          	add	a2,a5,a6
80201908:	010707b3          	add	a5,a4,a6
8020190c:	fff74713          	not	a4,a4
80201910:	00c5f633          	and	a2,a1,a2
80201914:	00e7f7b3          	and	a5,a5,a4
80201918:	00c7e7b3          	or	a5,a5,a2
8020191c:	0067f7b3          	and	a5,a5,t1
80201920:	fc078ae3          	beqz	a5,802018f4 <strchr+0x78>
80201924:	00054783          	lbu	a5,0(a0)
80201928:	00078a63          	beqz	a5,8020193c <strchr+0xc0>
8020192c:	08f68663          	beq	a3,a5,802019b8 <strchr+0x13c>
80201930:	00150513          	addi	a0,a0,1
80201934:	00054783          	lbu	a5,0(a0)
80201938:	fe079ae3          	bnez	a5,8020192c <strchr+0xb0>
8020193c:	00000513          	li	a0,0
80201940:	00008067          	ret
80201944:	00078c63          	beqz	a5,8020195c <strchr+0xe0>
80201948:	00054783          	lbu	a5,0(a0)
8020194c:	fe078ae3          	beqz	a5,80201940 <strchr+0xc4>
80201950:	00150513          	addi	a0,a0,1
80201954:	00357793          	andi	a5,a0,3
80201958:	fe0798e3          	bnez	a5,80201948 <strchr+0xcc>
8020195c:	00052703          	lw	a4,0(a0)
80201960:	feff0637          	lui	a2,0xfeff0
80201964:	eff60613          	addi	a2,a2,-257 # fefefeff <__heap_end+0x7ecefeff>
80201968:	00c707b3          	add	a5,a4,a2
8020196c:	808086b7          	lui	a3,0x80808
80201970:	fff74713          	not	a4,a4
80201974:	00e7f7b3          	and	a5,a5,a4
80201978:	08068693          	addi	a3,a3,128 # 80808080 <__heap_end+0x508080>
8020197c:	00d7f7b3          	and	a5,a5,a3
80201980:	02079063          	bnez	a5,802019a0 <strchr+0x124>
80201984:	00452703          	lw	a4,4(a0)
80201988:	00450513          	addi	a0,a0,4
8020198c:	00c707b3          	add	a5,a4,a2
80201990:	fff74713          	not	a4,a4
80201994:	00e7f7b3          	and	a5,a5,a4
80201998:	00d7f7b3          	and	a5,a5,a3
8020199c:	fe0784e3          	beqz	a5,80201984 <strchr+0x108>
802019a0:	00054783          	lbu	a5,0(a0)
802019a4:	f8078ee3          	beqz	a5,80201940 <strchr+0xc4>
802019a8:	00154783          	lbu	a5,1(a0)
802019ac:	00150513          	addi	a0,a0,1
802019b0:	fe079ce3          	bnez	a5,802019a8 <strchr+0x12c>
802019b4:	00008067          	ret
802019b8:	00008067          	ret

802019bc <strnlen>:
strnlen():
802019bc:	00b506b3          	add	a3,a0,a1
802019c0:	00050793          	mv	a5,a0
802019c4:	00059863          	bnez	a1,802019d4 <strnlen+0x18>
802019c8:	01c0006f          	j	802019e4 <strnlen+0x28>
802019cc:	00178793          	addi	a5,a5,1
802019d0:	00d78663          	beq	a5,a3,802019dc <strnlen+0x20>
802019d4:	0007c703          	lbu	a4,0(a5)
802019d8:	fe071ae3          	bnez	a4,802019cc <strnlen+0x10>
802019dc:	40a78533          	sub	a0,a5,a0
802019e0:	00008067          	ret
802019e4:	00000513          	li	a0,0
802019e8:	00008067          	ret

802019ec <__mulsi3>:
__mulsi3():
802019ec:	00050613          	mv	a2,a0
802019f0:	00000513          	li	a0,0
802019f4:	0015f693          	andi	a3,a1,1
802019f8:	00068463          	beqz	a3,80201a00 <__mulsi3+0x14>
802019fc:	00c50533          	add	a0,a0,a2
80201a00:	0015d593          	srli	a1,a1,0x1
80201a04:	00161613          	slli	a2,a2,0x1
80201a08:	fe0596e3          	bnez	a1,802019f4 <__mulsi3+0x8>
80201a0c:	00008067          	ret

80201a10 <__divsi3>:
__divsi3():
80201a10:	06054063          	bltz	a0,80201a70 <__umodsi3+0x10>
80201a14:	0605c663          	bltz	a1,80201a80 <__umodsi3+0x20>

80201a18 <__hidden___udivsi3>:
80201a18:	00058613          	mv	a2,a1
80201a1c:	00050593          	mv	a1,a0
80201a20:	fff00513          	li	a0,-1
80201a24:	02060c63          	beqz	a2,80201a5c <__hidden___udivsi3+0x44>
80201a28:	00100693          	li	a3,1
80201a2c:	00b67a63          	bgeu	a2,a1,80201a40 <__hidden___udivsi3+0x28>
80201a30:	00c05863          	blez	a2,80201a40 <__hidden___udivsi3+0x28>
80201a34:	00161613          	slli	a2,a2,0x1
80201a38:	00169693          	slli	a3,a3,0x1
80201a3c:	feb66ae3          	bltu	a2,a1,80201a30 <__hidden___udivsi3+0x18>
80201a40:	00000513          	li	a0,0
80201a44:	00c5e663          	bltu	a1,a2,80201a50 <__hidden___udivsi3+0x38>
80201a48:	40c585b3          	sub	a1,a1,a2
80201a4c:	00d56533          	or	a0,a0,a3
80201a50:	0016d693          	srli	a3,a3,0x1
80201a54:	00165613          	srli	a2,a2,0x1
80201a58:	fe0696e3          	bnez	a3,80201a44 <__hidden___udivsi3+0x2c>
80201a5c:	00008067          	ret

80201a60 <__umodsi3>:
80201a60:	00008293          	mv	t0,ra
80201a64:	fb5ff0ef          	jal	80201a18 <__hidden___udivsi3>
80201a68:	00058513          	mv	a0,a1
80201a6c:	00028067          	jr	t0 # 80201588 <memset+0xb4>
80201a70:	40a00533          	neg	a0,a0
80201a74:	00b04863          	bgtz	a1,80201a84 <__umodsi3+0x24>
80201a78:	40b005b3          	neg	a1,a1
80201a7c:	f9dff06f          	j	80201a18 <__hidden___udivsi3>
80201a80:	40b005b3          	neg	a1,a1
80201a84:	00008293          	mv	t0,ra
80201a88:	f91ff0ef          	jal	80201a18 <__hidden___udivsi3>
80201a8c:	40a00533          	neg	a0,a0
80201a90:	00028067          	jr	t0

80201a94 <__modsi3>:
__modsi3():
80201a94:	00008293          	mv	t0,ra
80201a98:	0005ca63          	bltz	a1,80201aac <__modsi3+0x18>
80201a9c:	00054c63          	bltz	a0,80201ab4 <__modsi3+0x20>
80201aa0:	f79ff0ef          	jal	80201a18 <__hidden___udivsi3>
80201aa4:	00058513          	mv	a0,a1
80201aa8:	00028067          	jr	t0
80201aac:	40b005b3          	neg	a1,a1
80201ab0:	fe0558e3          	bgez	a0,80201aa0 <__modsi3+0xc>
80201ab4:	40a00533          	neg	a0,a0
80201ab8:	f61ff0ef          	jal	80201a18 <__hidden___udivsi3>
80201abc:	40b00533          	neg	a0,a1
80201ac0:	00028067          	jr	t0
