
build/release/user/wcl.elf:     file format elf32-littleriscv
build/release/user/wcl.elf
architecture: riscv:rv32, flags 0x00000112:
EXEC_P, HAS_SYMS, D_PAGED
start address 0x80200000

Program Header:
0x70000003 off    0x00003278 vaddr 0x00000000 paddr 0x00000000 align 2**0
         filesz 0x0000004b memsz 0x00000000 flags r--
    LOAD off    0x00001000 vaddr 0x80200000 paddr 0x80200000 align 2**12
         filesz 0x00001184 memsz 0x00001184 flags r-x
    LOAD off    0x00003000 vaddr 0x80208000 paddr 0x80208000 align 2**12
         filesz 0x00000278 memsz 0x000009b8 flags rw-

Sections:
Idx Name              Size      VMA       LMA       File off  Algn  Flags
  0 .text             00001184  80200000  80200000  00001000  2**3  CONTENTS, ALLOC, LOAD, READONLY, CODE
  1 .rodata           00000150  80208000  80208000  00003000  2**3  CONTENTS, ALLOC, LOAD, READONLY, DATA
  2 .data             00000128  80208150  80208150  00003150  2**3  CONTENTS, ALLOC, LOAD, DATA
  3 .bss              00000740  80208278  80208278  00003278  2**3  ALLOC
  4 .riscv.attributes 0000004b  00000000  00000000  00003278  2**0  CONTENTS, READONLY
  5 .comment          00000033  00000000  00000000  000032c3  2**0  CONTENTS, READONLY
SYMBOL TABLE:
80200000 l    d  .text	00000000 .text
80208000 l    d  .rodata	00000000 .rodata
80208150 l    d  .data	00000000 .data
80208278 l    d  .bss	00000000 .bss
00000000 l    d  .riscv.attributes	00000000 .riscv.attributes
00000000 l    d  .comment	00000000 .comment
00000000 l    df *ABS*	00000000 cc3UkYtG.o
00000000 l    df *ABS*	00000000 wcl.c
8020827c l     O .bss	00000201 buf
00000000 l    df *ABS*	00000000 print.c
00000000 l    df *ABS*	00000000 servers.c
80208278 l     O .bss	00000004 sender
80208480 l     O .bss	00000400 buf
00000000 l    df *ABS*	00000000 syscall.c
80208270 l     O .data	00000004 sc
00000000 l    df *ABS*	00000000 libc_a-atoi.o
00000000 l    df *ABS*	00000000 libc_a-itoa.o
00000000 l    df *ABS*	00000000 libc_a-strtol.o
80200784 l     F .text	00000284 _strtol_l.isra.0
00000000 l    df *ABS*	00000000 libc_a-utoa.o
00000000 l    df *ABS*	00000000 libc_a-strcat.o
00000000 l    df *ABS*	00000000 libc_a-strncat.o
00000000 l    df *ABS*	00000000 libc_a-strncmp.o
00000000 l    df *ABS*	00000000 libc_a-errno.o
00000000 l    df *ABS*	00000000 libc_a-memset.o
00000000 l    df *ABS*	00000000 libc_a-memcpy.o
00000000 l    df *ABS*	00000000 libc_a-strlen.o
00000000 l    df *ABS*	00000000 libc_a-strcpy.o
00000000 l    df *ABS*	00000000 muldi3.o
00000000 l    df *ABS*	00000000 div.o
80200678 g     F .text	00000090 sys_recv
80201008 g     F .text	000000a4 strcpy
80200310 g     F .text	00000098 my_printf
80200d6c g     F .text	0000000c __errno
80200000 g       .text	00000000 app_entry
80200e54 g     F .text	00000128 memcpy
802010d8 g     F .text	00000048 .hidden __hidden___udivsi3
802010d8 g     F .text	00000048 .hidden __udivsi3
80200714 g     F .text	00000070 itoa
80200a08 g     F .text	00000020 strtol
80208880 g     O .bss	00000138 __sf
80200608 g     F .text	00000070 sys_send
80200b7c g     F .text	000000a0 strcat
80201120 g     F .text	00000010 .hidden __umodsi3
802004ec g     F .text	000000b4 file_read
802001c4 g     F .text	0000014c format_to_str
80200cc8 g     F .text	000000a4 strncmp
802010ac g     F .text	00000024 .hidden __mulsi3
80200c1c g     F .text	000000ac strncat
80200a28 g     F .text	00000154 __utoa
80200d78 g     F .text	000000dc memset
80200010 g     F .text	000001b4 main
802010d0 g     F .text	00000084 .hidden __divsi3
80300000 g       *ABS*	00000000 __heap_end
80208274 g     O .data	00000004 _impure_ptr
802089b8 g       .riscv.attributes	00000000 __heap_start
802005a0 g     F .text	00000068 term_write
802003a8 g     F .text	00000034 exit
80201154 g     F .text	00000030 .hidden __modsi3
80208150 g     O .data	00000120 _impure_data
80200708 g     F .text	0000000c atoi
80208048 g     O .rodata	00000101 _ctype_
802003dc g     F .text	00000110 dir_lookup
80200f7c g     F .text	0000008c strlen



Disassembly of section .text:

80200000 <app_entry>:
app_entry():
80200000:	00052503          	lw	a0,0(a0)
80200004:	80400137          	lui	sp,0x80400
80200008:	008000ef          	jal	80200010 <main>
8020000c:	39c000ef          	jal	802003a8 <exit>

80200010 <main>:
main():
80200010:	fc010113          	addi	sp,sp,-64 # 803fffc0 <__heap_end+0xfffc0>
80200014:	02112e23          	sw	ra,60(sp)
80200018:	02812c23          	sw	s0,56(sp)
8020001c:	04010413          	addi	s0,sp,64
80200020:	fca42623          	sw	a0,-52(s0)
80200024:	fcb42423          	sw	a1,-56(s0)
80200028:	fcc42703          	lw	a4,-52(s0)
8020002c:	00100793          	li	a5,1
80200030:	00e7cc63          	blt	a5,a4,80200048 <main+0x38>
80200034:	802087b7          	lui	a5,0x80208
80200038:	00078513          	mv	a0,a5
8020003c:	2d4000ef          	jal	80200310 <my_printf>
80200040:	00000793          	li	a5,0
80200044:	16c0006f          	j	802001b0 <main+0x1a0>
80200048:	fe042623          	sw	zero,-20(s0)
8020004c:	00100793          	li	a5,1
80200050:	fef42423          	sw	a5,-24(s0)
80200054:	13c0006f          	j	80200190 <main+0x180>
80200058:	803027b7          	lui	a5,0x80302
8020005c:	0007a683          	lw	a3,0(a5) # 80302000 <__heap_end+0x2000>
80200060:	fe842783          	lw	a5,-24(s0)
80200064:	00279793          	slli	a5,a5,0x2
80200068:	fc842703          	lw	a4,-56(s0)
8020006c:	00f707b3          	add	a5,a4,a5
80200070:	0007a783          	lw	a5,0(a5)
80200074:	00078593          	mv	a1,a5
80200078:	00068513          	mv	a0,a3
8020007c:	360000ef          	jal	802003dc <dir_lookup>
80200080:	fca42e23          	sw	a0,-36(s0)
80200084:	fdc42783          	lw	a5,-36(s0)
80200088:	0207d663          	bgez	a5,802000b4 <main+0xa4>
8020008c:	fe842783          	lw	a5,-24(s0)
80200090:	00279793          	slli	a5,a5,0x2
80200094:	fc842703          	lw	a4,-56(s0)
80200098:	00f707b3          	add	a5,a4,a5
8020009c:	0007a783          	lw	a5,0(a5)
802000a0:	00078593          	mv	a1,a5
802000a4:	802087b7          	lui	a5,0x80208
802000a8:	00478513          	addi	a0,a5,4 # 80208004 <__modsi3+0x6eb0>
802000ac:	264000ef          	jal	80200310 <my_printf>
802000b0:	0d40006f          	j	80200184 <main+0x174>
802000b4:	fe042223          	sw	zero,-28(s0)
802000b8:	20100613          	li	a2,513
802000bc:	00000593          	li	a1,0
802000c0:	802087b7          	lui	a5,0x80208
802000c4:	27c78513          	addi	a0,a5,636 # 8020827c <buf>
802000c8:	4b1000ef          	jal	80200d78 <memset>
802000cc:	fe442703          	lw	a4,-28(s0)
802000d0:	802087b7          	lui	a5,0x80208
802000d4:	27c78613          	addi	a2,a5,636 # 8020827c <buf>
802000d8:	00070593          	mv	a1,a4
802000dc:	fdc42503          	lw	a0,-36(s0)
802000e0:	40c000ef          	jal	802004ec <file_read>
802000e4:	fca42c23          	sw	a0,-40(s0)
802000e8:	fd842783          	lw	a5,-40(s0)
802000ec:	0807c263          	bltz	a5,80200170 <main+0x160>
802000f0:	802087b7          	lui	a5,0x80208
802000f4:	27c78513          	addi	a0,a5,636 # 8020827c <buf>
802000f8:	685000ef          	jal	80200f7c <strlen>
802000fc:	00050793          	mv	a5,a0
80200100:	fcf42a23          	sw	a5,-44(s0)
80200104:	fd442783          	lw	a5,-44(s0)
80200108:	06078863          	beqz	a5,80200178 <main+0x168>
8020010c:	fe042023          	sw	zero,-32(s0)
80200110:	0380006f          	j	80200148 <main+0x138>
80200114:	802087b7          	lui	a5,0x80208
80200118:	27c78713          	addi	a4,a5,636 # 8020827c <buf>
8020011c:	fe042783          	lw	a5,-32(s0)
80200120:	00f707b3          	add	a5,a4,a5
80200124:	0007c703          	lbu	a4,0(a5)
80200128:	00a00793          	li	a5,10
8020012c:	00f71863          	bne	a4,a5,8020013c <main+0x12c>
80200130:	fec42783          	lw	a5,-20(s0)
80200134:	00178793          	addi	a5,a5,1
80200138:	fef42623          	sw	a5,-20(s0)
8020013c:	fe042783          	lw	a5,-32(s0)
80200140:	00178793          	addi	a5,a5,1
80200144:	fef42023          	sw	a5,-32(s0)
80200148:	fe042703          	lw	a4,-32(s0)
8020014c:	fd442783          	lw	a5,-44(s0)
80200150:	fcf742e3          	blt	a4,a5,80200114 <main+0x104>
80200154:	fd442703          	lw	a4,-44(s0)
80200158:	1ff00793          	li	a5,511
8020015c:	02e7d263          	bge	a5,a4,80200180 <main+0x170>
80200160:	fe442783          	lw	a5,-28(s0)
80200164:	20078793          	addi	a5,a5,512
80200168:	fef42223          	sw	a5,-28(s0)
8020016c:	f4dff06f          	j	802000b8 <main+0xa8>
80200170:	00000013          	nop
80200174:	0100006f          	j	80200184 <main+0x174>
80200178:	00000013          	nop
8020017c:	0080006f          	j	80200184 <main+0x174>
80200180:	00000013          	nop
80200184:	fe842783          	lw	a5,-24(s0)
80200188:	00178793          	addi	a5,a5,1
8020018c:	fef42423          	sw	a5,-24(s0)
80200190:	fe842703          	lw	a4,-24(s0)
80200194:	fcc42783          	lw	a5,-52(s0)
80200198:	ecf740e3          	blt	a4,a5,80200058 <main+0x48>
8020019c:	fec42583          	lw	a1,-20(s0)
802001a0:	802087b7          	lui	a5,0x80208
802001a4:	01c78513          	addi	a0,a5,28 # 8020801c <__modsi3+0x6ec8>
802001a8:	168000ef          	jal	80200310 <my_printf>
802001ac:	00000793          	li	a5,0
802001b0:	00078513          	mv	a0,a5
802001b4:	03c12083          	lw	ra,60(sp)
802001b8:	03812403          	lw	s0,56(sp)
802001bc:	04010113          	addi	sp,sp,64
802001c0:	00008067          	ret

802001c4 <format_to_str>:
format_to_str():
802001c4:	fe010113          	addi	sp,sp,-32
802001c8:	00112e23          	sw	ra,28(sp)
802001cc:	00812c23          	sw	s0,24(sp)
802001d0:	00912a23          	sw	s1,20(sp)
802001d4:	02010413          	addi	s0,sp,32
802001d8:	fea42623          	sw	a0,-20(s0)
802001dc:	feb42423          	sw	a1,-24(s0)
802001e0:	fec42223          	sw	a2,-28(s0)
802001e4:	fec42783          	lw	a5,-20(s0)
802001e8:	00078023          	sb	zero,0(a5)
802001ec:	0fc0006f          	j	802002e8 <format_to_str+0x124>
802001f0:	fe842783          	lw	a5,-24(s0)
802001f4:	0007c703          	lbu	a4,0(a5)
802001f8:	02500793          	li	a5,37
802001fc:	00f70c63          	beq	a4,a5,80200214 <format_to_str+0x50>
80200200:	00100613          	li	a2,1
80200204:	fe842583          	lw	a1,-24(s0)
80200208:	fec42503          	lw	a0,-20(s0)
8020020c:	211000ef          	jal	80200c1c <strncat>
80200210:	0cc0006f          	j	802002dc <format_to_str+0x118>
80200214:	fe842783          	lw	a5,-24(s0)
80200218:	00178793          	addi	a5,a5,1
8020021c:	fef42423          	sw	a5,-24(s0)
80200220:	fe842783          	lw	a5,-24(s0)
80200224:	0007c703          	lbu	a4,0(a5)
80200228:	07300793          	li	a5,115
8020022c:	02f71263          	bne	a4,a5,80200250 <format_to_str+0x8c>
80200230:	fe442783          	lw	a5,-28(s0)
80200234:	00478713          	addi	a4,a5,4
80200238:	fee42223          	sw	a4,-28(s0)
8020023c:	0007a783          	lw	a5,0(a5)
80200240:	00078593          	mv	a1,a5
80200244:	fec42503          	lw	a0,-20(s0)
80200248:	135000ef          	jal	80200b7c <strcat>
8020024c:	0900006f          	j	802002dc <format_to_str+0x118>
80200250:	fe842783          	lw	a5,-24(s0)
80200254:	0007c703          	lbu	a4,0(a5)
80200258:	06400793          	li	a5,100
8020025c:	02f71e63          	bne	a4,a5,80200298 <format_to_str+0xd4>
80200260:	fe442783          	lw	a5,-28(s0)
80200264:	00478713          	addi	a4,a5,4
80200268:	fee42223          	sw	a4,-28(s0)
8020026c:	0007a483          	lw	s1,0(a5)
80200270:	fec42503          	lw	a0,-20(s0)
80200274:	509000ef          	jal	80200f7c <strlen>
80200278:	00050713          	mv	a4,a0
8020027c:	fec42783          	lw	a5,-20(s0)
80200280:	00e787b3          	add	a5,a5,a4
80200284:	00a00613          	li	a2,10
80200288:	00078593          	mv	a1,a5
8020028c:	00048513          	mv	a0,s1
80200290:	484000ef          	jal	80200714 <itoa>
80200294:	0480006f          	j	802002dc <format_to_str+0x118>
80200298:	fe842783          	lw	a5,-24(s0)
8020029c:	0007c703          	lbu	a4,0(a5)
802002a0:	07800793          	li	a5,120
802002a4:	02f71c63          	bne	a4,a5,802002dc <format_to_str+0x118>
802002a8:	fe442783          	lw	a5,-28(s0)
802002ac:	00478713          	addi	a4,a5,4
802002b0:	fee42223          	sw	a4,-28(s0)
802002b4:	0007a483          	lw	s1,0(a5)
802002b8:	fec42503          	lw	a0,-20(s0)
802002bc:	4c1000ef          	jal	80200f7c <strlen>
802002c0:	00050713          	mv	a4,a0
802002c4:	fec42783          	lw	a5,-20(s0)
802002c8:	00e787b3          	add	a5,a5,a4
802002cc:	01000613          	li	a2,16
802002d0:	00078593          	mv	a1,a5
802002d4:	00048513          	mv	a0,s1
802002d8:	43c000ef          	jal	80200714 <itoa>
802002dc:	fe842783          	lw	a5,-24(s0)
802002e0:	00178793          	addi	a5,a5,1
802002e4:	fef42423          	sw	a5,-24(s0)
802002e8:	fe842783          	lw	a5,-24(s0)
802002ec:	0007c783          	lbu	a5,0(a5)
802002f0:	f00790e3          	bnez	a5,802001f0 <format_to_str+0x2c>
802002f4:	00000013          	nop
802002f8:	00000013          	nop
802002fc:	01c12083          	lw	ra,28(sp)
80200300:	01812403          	lw	s0,24(sp)
80200304:	01412483          	lw	s1,20(sp)
80200308:	02010113          	addi	sp,sp,32
8020030c:	00008067          	ret

80200310 <my_printf>:
my_printf():
80200310:	db010113          	addi	sp,sp,-592
80200314:	22112623          	sw	ra,556(sp)
80200318:	22812423          	sw	s0,552(sp)
8020031c:	23010413          	addi	s0,sp,560
80200320:	dca42e23          	sw	a0,-548(s0)
80200324:	00b42223          	sw	a1,4(s0)
80200328:	00c42423          	sw	a2,8(s0)
8020032c:	00d42623          	sw	a3,12(s0)
80200330:	00e42823          	sw	a4,16(s0)
80200334:	00f42a23          	sw	a5,20(s0)
80200338:	01042c23          	sw	a6,24(s0)
8020033c:	01142e23          	sw	a7,28(s0)
80200340:	de040823          	sb	zero,-528(s0)
80200344:	02040793          	addi	a5,s0,32
80200348:	dcf42c23          	sw	a5,-552(s0)
8020034c:	dd842783          	lw	a5,-552(s0)
80200350:	fe478793          	addi	a5,a5,-28
80200354:	def42623          	sw	a5,-532(s0)
80200358:	dec42703          	lw	a4,-532(s0)
8020035c:	df040793          	addi	a5,s0,-528
80200360:	00070613          	mv	a2,a4
80200364:	ddc42583          	lw	a1,-548(s0)
80200368:	00078513          	mv	a0,a5
8020036c:	e59ff0ef          	jal	802001c4 <format_to_str>
80200370:	df040793          	addi	a5,s0,-528
80200374:	00078513          	mv	a0,a5
80200378:	405000ef          	jal	80200f7c <strlen>
8020037c:	00050713          	mv	a4,a0
80200380:	df040793          	addi	a5,s0,-528
80200384:	00070593          	mv	a1,a4
80200388:	00078513          	mv	a0,a5
8020038c:	214000ef          	jal	802005a0 <term_write>
80200390:	00000013          	nop
80200394:	00078513          	mv	a0,a5
80200398:	22c12083          	lw	ra,556(sp)
8020039c:	22812403          	lw	s0,552(sp)
802003a0:	25010113          	addi	sp,sp,592
802003a4:	00008067          	ret

802003a8 <exit>:
exit():
802003a8:	dd010113          	addi	sp,sp,-560
802003ac:	22112623          	sw	ra,556(sp)
802003b0:	22812423          	sw	s0,552(sp)
802003b4:	23010413          	addi	s0,sp,560
802003b8:	dca42e23          	sw	a0,-548(s0)
802003bc:	00100793          	li	a5,1
802003c0:	def42423          	sw	a5,-536(s0)
802003c4:	de840793          	addi	a5,s0,-536
802003c8:	20800613          	li	a2,520
802003cc:	00078593          	mv	a1,a5
802003d0:	00100513          	li	a0,1
802003d4:	234000ef          	jal	80200608 <sys_send>
802003d8:	0000006f          	j	802003d8 <exit+0x30>

802003dc <dir_lookup>:
dir_lookup():
802003dc:	dd010113          	addi	sp,sp,-560
802003e0:	22112623          	sw	ra,556(sp)
802003e4:	22812423          	sw	s0,552(sp)
802003e8:	23010413          	addi	s0,sp,560
802003ec:	dca42e23          	sw	a0,-548(s0)
802003f0:	dcb42c23          	sw	a1,-552(s0)
802003f4:	de840793          	addi	a5,s0,-536
802003f8:	00078613          	mv	a2,a5
802003fc:	00000593          	li	a1,0
80200400:	ddc42503          	lw	a0,-548(s0)
80200404:	0e8000ef          	jal	802004ec <file_read>
80200408:	fe042623          	sw	zero,-20(s0)
8020040c:	dd842503          	lw	a0,-552(s0)
80200410:	36d000ef          	jal	80200f7c <strlen>
80200414:	fea42423          	sw	a0,-24(s0)
80200418:	09c0006f          	j	802004b4 <dir_lookup+0xd8>
8020041c:	de840713          	addi	a4,s0,-536
80200420:	fec42783          	lw	a5,-20(s0)
80200424:	00f707b3          	add	a5,a4,a5
80200428:	fe842603          	lw	a2,-24(s0)
8020042c:	00078593          	mv	a1,a5
80200430:	dd842503          	lw	a0,-552(s0)
80200434:	095000ef          	jal	80200cc8 <strncmp>
80200438:	00050793          	mv	a5,a0
8020043c:	06079663          	bnez	a5,802004a8 <dir_lookup+0xcc>
80200440:	fec42703          	lw	a4,-20(s0)
80200444:	fe842783          	lw	a5,-24(s0)
80200448:	00f707b3          	add	a5,a4,a5
8020044c:	ff078793          	addi	a5,a5,-16
80200450:	008787b3          	add	a5,a5,s0
80200454:	df87c703          	lbu	a4,-520(a5)
80200458:	02000793          	li	a5,32
8020045c:	04f71663          	bne	a4,a5,802004a8 <dir_lookup+0xcc>
80200460:	fec42783          	lw	a5,-20(s0)
80200464:	02078063          	beqz	a5,80200484 <dir_lookup+0xa8>
80200468:	fec42783          	lw	a5,-20(s0)
8020046c:	fff78793          	addi	a5,a5,-1
80200470:	ff078793          	addi	a5,a5,-16
80200474:	008787b3          	add	a5,a5,s0
80200478:	df87c703          	lbu	a4,-520(a5)
8020047c:	02000793          	li	a5,32
80200480:	02f71463          	bne	a4,a5,802004a8 <dir_lookup+0xcc>
80200484:	fec42703          	lw	a4,-20(s0)
80200488:	fe842783          	lw	a5,-24(s0)
8020048c:	00f707b3          	add	a5,a4,a5
80200490:	de840713          	addi	a4,s0,-536
80200494:	00f707b3          	add	a5,a4,a5
80200498:	00078513          	mv	a0,a5
8020049c:	26c000ef          	jal	80200708 <atoi>
802004a0:	00050793          	mv	a5,a0
802004a4:	0340006f          	j	802004d8 <dir_lookup+0xfc>
802004a8:	fec42783          	lw	a5,-20(s0)
802004ac:	00178793          	addi	a5,a5,1
802004b0:	fef42623          	sw	a5,-20(s0)
802004b4:	de840793          	addi	a5,s0,-536
802004b8:	00078513          	mv	a0,a5
802004bc:	2c1000ef          	jal	80200f7c <strlen>
802004c0:	00050713          	mv	a4,a0
802004c4:	fe842783          	lw	a5,-24(s0)
802004c8:	40f707b3          	sub	a5,a4,a5
802004cc:	fec42703          	lw	a4,-20(s0)
802004d0:	f4f766e3          	bltu	a4,a5,8020041c <dir_lookup+0x40>
802004d4:	fff00793          	li	a5,-1
802004d8:	00078513          	mv	a0,a5
802004dc:	22c12083          	lw	ra,556(sp)
802004e0:	22812403          	lw	s0,552(sp)
802004e4:	23010113          	addi	sp,sp,560
802004e8:	00008067          	ret

802004ec <file_read>:
file_read():
802004ec:	dd010113          	addi	sp,sp,-560
802004f0:	22112623          	sw	ra,556(sp)
802004f4:	22812423          	sw	s0,552(sp)
802004f8:	23010413          	addi	s0,sp,560
802004fc:	dca42e23          	sw	a0,-548(s0)
80200500:	dcb42c23          	sw	a1,-552(s0)
80200504:	dcc42a23          	sw	a2,-556(s0)
80200508:	00100793          	li	a5,1
8020050c:	def42023          	sw	a5,-544(s0)
80200510:	ddc42783          	lw	a5,-548(s0)
80200514:	def42223          	sw	a5,-540(s0)
80200518:	dd842783          	lw	a5,-552(s0)
8020051c:	def42423          	sw	a5,-536(s0)
80200520:	de040793          	addi	a5,s0,-544
80200524:	20c00613          	li	a2,524
80200528:	00078593          	mv	a1,a5
8020052c:	00300513          	li	a0,3
80200530:	0d8000ef          	jal	80200608 <sys_send>
80200534:	40000693          	li	a3,1024
80200538:	802087b7          	lui	a5,0x80208
8020053c:	48078613          	addi	a2,a5,1152 # 80208480 <buf>
80200540:	802087b7          	lui	a5,0x80208
80200544:	27878593          	addi	a1,a5,632 # 80208278 <sender>
80200548:	00300513          	li	a0,3
8020054c:	12c000ef          	jal	80200678 <sys_recv>
80200550:	802087b7          	lui	a5,0x80208
80200554:	48078793          	addi	a5,a5,1152 # 80208480 <buf>
80200558:	fef42623          	sw	a5,-20(s0)
8020055c:	fec42783          	lw	a5,-20(s0)
80200560:	00478793          	addi	a5,a5,4
80200564:	20000613          	li	a2,512
80200568:	00078593          	mv	a1,a5
8020056c:	dd442503          	lw	a0,-556(s0)
80200570:	0e5000ef          	jal	80200e54 <memcpy>
80200574:	fec42783          	lw	a5,-20(s0)
80200578:	0007a783          	lw	a5,0(a5)
8020057c:	00079663          	bnez	a5,80200588 <file_read+0x9c>
80200580:	00000793          	li	a5,0
80200584:	0080006f          	j	8020058c <file_read+0xa0>
80200588:	fff00793          	li	a5,-1
8020058c:	00078513          	mv	a0,a5
80200590:	22c12083          	lw	ra,556(sp)
80200594:	22812403          	lw	s0,552(sp)
80200598:	23010113          	addi	sp,sp,560
8020059c:	00008067          	ret

802005a0 <term_write>:
term_write():
802005a0:	dd010113          	addi	sp,sp,-560
802005a4:	22112623          	sw	ra,556(sp)
802005a8:	22812423          	sw	s0,552(sp)
802005ac:	23010413          	addi	s0,sp,560
802005b0:	dca42e23          	sw	a0,-548(s0)
802005b4:	dcb42c23          	sw	a1,-552(s0)
802005b8:	00100793          	li	a5,1
802005bc:	def42423          	sw	a5,-536(s0)
802005c0:	dd842783          	lw	a5,-552(s0)
802005c4:	def42623          	sw	a5,-532(s0)
802005c8:	de840793          	addi	a5,s0,-536
802005cc:	00878793          	addi	a5,a5,8
802005d0:	dd842603          	lw	a2,-552(s0)
802005d4:	ddc42583          	lw	a1,-548(s0)
802005d8:	00078513          	mv	a0,a5
802005dc:	079000ef          	jal	80200e54 <memcpy>
802005e0:	de840793          	addi	a5,s0,-536
802005e4:	20800613          	li	a2,520
802005e8:	00078593          	mv	a1,a5
802005ec:	00200513          	li	a0,2
802005f0:	018000ef          	jal	80200608 <sys_send>
802005f4:	00000013          	nop
802005f8:	22c12083          	lw	ra,556(sp)
802005fc:	22812403          	lw	s0,552(sp)
80200600:	23010113          	addi	sp,sp,560
80200604:	00008067          	ret

80200608 <sys_send>:
sys_send():
80200608:	fe010113          	addi	sp,sp,-32
8020060c:	00112e23          	sw	ra,28(sp)
80200610:	00812c23          	sw	s0,24(sp)
80200614:	02010413          	addi	s0,sp,32
80200618:	fea42623          	sw	a0,-20(s0)
8020061c:	feb42423          	sw	a1,-24(s0)
80200620:	fec42223          	sw	a2,-28(s0)
80200624:	802087b7          	lui	a5,0x80208
80200628:	2707a783          	lw	a5,624(a5) # 80208270 <sc>
8020062c:	00200713          	li	a4,2
80200630:	00e7a023          	sw	a4,0(a5)
80200634:	802087b7          	lui	a5,0x80208
80200638:	2707a783          	lw	a5,624(a5) # 80208270 <sc>
8020063c:	fec42703          	lw	a4,-20(s0)
80200640:	00e7a423          	sw	a4,8(a5)
80200644:	802087b7          	lui	a5,0x80208
80200648:	2707a783          	lw	a5,624(a5) # 80208270 <sc>
8020064c:	00c78793          	addi	a5,a5,12
80200650:	fe442603          	lw	a2,-28(s0)
80200654:	fe842583          	lw	a1,-24(s0)
80200658:	00078513          	mv	a0,a5
8020065c:	7f8000ef          	jal	80200e54 <memcpy>
80200660:	00000073          	ecall
80200664:	00000013          	nop
80200668:	01c12083          	lw	ra,28(sp)
8020066c:	01812403          	lw	s0,24(sp)
80200670:	02010113          	addi	sp,sp,32
80200674:	00008067          	ret

80200678 <sys_recv>:
sys_recv():
80200678:	fe010113          	addi	sp,sp,-32
8020067c:	00112e23          	sw	ra,28(sp)
80200680:	00812c23          	sw	s0,24(sp)
80200684:	02010413          	addi	s0,sp,32
80200688:	fea42623          	sw	a0,-20(s0)
8020068c:	feb42423          	sw	a1,-24(s0)
80200690:	fec42223          	sw	a2,-28(s0)
80200694:	fed42023          	sw	a3,-32(s0)
80200698:	802087b7          	lui	a5,0x80208
8020069c:	2707a783          	lw	a5,624(a5) # 80208270 <sc>
802006a0:	00100713          	li	a4,1
802006a4:	00e7a023          	sw	a4,0(a5)
802006a8:	802087b7          	lui	a5,0x80208
802006ac:	2707a783          	lw	a5,624(a5) # 80208270 <sc>
802006b0:	fec42703          	lw	a4,-20(s0)
802006b4:	00e7a223          	sw	a4,4(a5)
802006b8:	00000073          	ecall
802006bc:	802087b7          	lui	a5,0x80208
802006c0:	2707a783          	lw	a5,624(a5) # 80208270 <sc>
802006c4:	00c78793          	addi	a5,a5,12
802006c8:	fe042603          	lw	a2,-32(s0)
802006cc:	00078593          	mv	a1,a5
802006d0:	fe442503          	lw	a0,-28(s0)
802006d4:	780000ef          	jal	80200e54 <memcpy>
802006d8:	fe842783          	lw	a5,-24(s0)
802006dc:	00078c63          	beqz	a5,802006f4 <sys_recv+0x7c>
802006e0:	802087b7          	lui	a5,0x80208
802006e4:	2707a783          	lw	a5,624(a5) # 80208270 <sc>
802006e8:	0047a703          	lw	a4,4(a5)
802006ec:	fe842783          	lw	a5,-24(s0)
802006f0:	00e7a023          	sw	a4,0(a5)
802006f4:	00000013          	nop
802006f8:	01c12083          	lw	ra,28(sp)
802006fc:	01812403          	lw	s0,24(sp)
80200700:	02010113          	addi	sp,sp,32
80200704:	00008067          	ret

80200708 <atoi>:
atoi():
80200708:	00a00613          	li	a2,10
8020070c:	00000593          	li	a1,0
80200710:	2f80006f          	j	80200a08 <strtol>

80200714 <itoa>:
itoa():
80200714:	ff010113          	addi	sp,sp,-16
80200718:	00812423          	sw	s0,8(sp)
8020071c:	00112623          	sw	ra,12(sp)
80200720:	ffe60713          	addi	a4,a2,-2
80200724:	02200793          	li	a5,34
80200728:	00058413          	mv	s0,a1
8020072c:	04e7e063          	bltu	a5,a4,8020076c <itoa+0x58>
80200730:	00a00793          	li	a5,10
80200734:	02f60063          	beq	a2,a5,80200754 <itoa+0x40>
80200738:	00040593          	mv	a1,s0
8020073c:	2ec000ef          	jal	80200a28 <__utoa>
80200740:	00c12083          	lw	ra,12(sp)
80200744:	00040513          	mv	a0,s0
80200748:	00812403          	lw	s0,8(sp)
8020074c:	01010113          	addi	sp,sp,16
80200750:	00008067          	ret
80200754:	fe0552e3          	bgez	a0,80200738 <itoa+0x24>
80200758:	02d00793          	li	a5,45
8020075c:	00f58023          	sb	a5,0(a1)
80200760:	40a00533          	neg	a0,a0
80200764:	00158593          	addi	a1,a1,1
80200768:	fd5ff06f          	j	8020073c <itoa+0x28>
8020076c:	00058023          	sb	zero,0(a1)
80200770:	00c12083          	lw	ra,12(sp)
80200774:	00812403          	lw	s0,8(sp)
80200778:	00000513          	li	a0,0
8020077c:	01010113          	addi	sp,sp,16
80200780:	00008067          	ret

80200784 <_strtol_l.isra.0>:
_strtol_l.isra.0():
80200784:	fb010113          	addi	sp,sp,-80
80200788:	04112623          	sw	ra,76(sp)
8020078c:	02400793          	li	a5,36
80200790:	00a12423          	sw	a0,8(sp)
80200794:	18d7ec63          	bltu	a5,a3,8020092c <_strtol_l.isra.0+0x1a8>
80200798:	04812423          	sw	s0,72(sp)
8020079c:	05212023          	sw	s2,64(sp)
802007a0:	03312e23          	sw	s3,60(sp)
802007a4:	03412c23          	sw	s4,56(sp)
802007a8:	03912223          	sw	s9,36(sp)
802007ac:	00100793          	li	a5,1
802007b0:	00068c93          	mv	s9,a3
802007b4:	00058913          	mv	s2,a1
802007b8:	00060a13          	mv	s4,a2
802007bc:	00068993          	mv	s3,a3
802007c0:	00058413          	mv	s0,a1
802007c4:	00008717          	auipc	a4,0x8
802007c8:	88570713          	addi	a4,a4,-1915 # 80208049 <_ctype_+0x1>
802007cc:	14f68663          	beq	a3,a5,80200918 <_strtol_l.isra.0+0x194>
802007d0:	04912223          	sw	s1,68(sp)
802007d4:	03512a23          	sw	s5,52(sp)
802007d8:	03612823          	sw	s6,48(sp)
802007dc:	03712623          	sw	s7,44(sp)
802007e0:	03812423          	sw	s8,40(sp)
802007e4:	03a12023          	sw	s10,32(sp)
802007e8:	01b12e23          	sw	s11,28(sp)
802007ec:	00040693          	mv	a3,s0
802007f0:	00044483          	lbu	s1,0(s0)
802007f4:	00140413          	addi	s0,s0,1
802007f8:	009707b3          	add	a5,a4,s1
802007fc:	0007c783          	lbu	a5,0(a5)
80200800:	0087f793          	andi	a5,a5,8
80200804:	fe0794e3          	bnez	a5,802007ec <_strtol_l.isra.0+0x68>
80200808:	02d00793          	li	a5,45
8020080c:	1af48063          	beq	s1,a5,802009ac <_strtol_l.isra.0+0x228>
80200810:	02b00793          	li	a5,43
80200814:	80000b37          	lui	s6,0x80000
80200818:	12f48863          	beq	s1,a5,80200948 <_strtol_l.isra.0+0x1c4>
8020081c:	fffb0b13          	addi	s6,s6,-1 # 7fffffff <app_entry-0x200001>
80200820:	00012623          	sw	zero,12(sp)
80200824:	120c9c63          	bnez	s9,8020095c <_strtol_l.isra.0+0x1d8>
80200828:	00a00993          	li	s3,10
8020082c:	03000793          	li	a5,48
80200830:	00098c93          	mv	s9,s3
80200834:	1af48863          	beq	s1,a5,802009e4 <_strtol_l.isra.0+0x260>
80200838:	00098593          	mv	a1,s3
8020083c:	000b0513          	mv	a0,s6
80200840:	0e1000ef          	jal	80201120 <__umodsi3>
80200844:	00050b93          	mv	s7,a0
80200848:	00098593          	mv	a1,s3
8020084c:	000b0513          	mv	a0,s6
80200850:	089000ef          	jal	802010d8 <__hidden___udivsi3>
80200854:	00900d93          	li	s11,9
80200858:	fd048793          	addi	a5,s1,-48
8020085c:	00050d13          	mv	s10,a0
80200860:	00000713          	li	a4,0
80200864:	00000513          	li	a0,0
80200868:	01900a93          	li	s5,25
8020086c:	fff00c13          	li	s8,-1
80200870:	02fdee63          	bltu	s11,a5,802008ac <_strtol_l.isra.0+0x128>
80200874:	00078493          	mv	s1,a5
80200878:	0594d263          	bge	s1,s9,802008bc <_strtol_l.isra.0+0x138>
8020087c:	03870063          	beq	a4,s8,8020089c <_strtol_l.isra.0+0x118>
80200880:	fff00713          	li	a4,-1
80200884:	00ad6c63          	bltu	s10,a0,8020089c <_strtol_l.isra.0+0x118>
80200888:	10ad0e63          	beq	s10,a0,802009a4 <_strtol_l.isra.0+0x220>
8020088c:	00098593          	mv	a1,s3
80200890:	01d000ef          	jal	802010ac <__mulsi3>
80200894:	00a48533          	add	a0,s1,a0
80200898:	00100713          	li	a4,1
8020089c:	00044483          	lbu	s1,0(s0)
802008a0:	00140413          	addi	s0,s0,1
802008a4:	fd048793          	addi	a5,s1,-48
802008a8:	fcfdf6e3          	bgeu	s11,a5,80200874 <_strtol_l.isra.0+0xf0>
802008ac:	fbf48793          	addi	a5,s1,-65
802008b0:	0efae263          	bltu	s5,a5,80200994 <_strtol_l.isra.0+0x210>
802008b4:	fc948493          	addi	s1,s1,-55
802008b8:	fd94c2e3          	blt	s1,s9,8020087c <_strtol_l.isra.0+0xf8>
802008bc:	fff00793          	li	a5,-1
802008c0:	10f70263          	beq	a4,a5,802009c4 <_strtol_l.isra.0+0x240>
802008c4:	00c12783          	lw	a5,12(sp)
802008c8:	00078463          	beqz	a5,802008d0 <_strtol_l.isra.0+0x14c>
802008cc:	40a00533          	neg	a0,a0
802008d0:	000a0663          	beqz	s4,802008dc <_strtol_l.isra.0+0x158>
802008d4:	12071663          	bnez	a4,80200a00 <_strtol_l.isra.0+0x27c>
802008d8:	012a2023          	sw	s2,0(s4)
802008dc:	04812403          	lw	s0,72(sp)
802008e0:	04c12083          	lw	ra,76(sp)
802008e4:	04412483          	lw	s1,68(sp)
802008e8:	04012903          	lw	s2,64(sp)
802008ec:	03c12983          	lw	s3,60(sp)
802008f0:	03812a03          	lw	s4,56(sp)
802008f4:	03412a83          	lw	s5,52(sp)
802008f8:	03012b03          	lw	s6,48(sp)
802008fc:	02c12b83          	lw	s7,44(sp)
80200900:	02812c03          	lw	s8,40(sp)
80200904:	02412c83          	lw	s9,36(sp)
80200908:	02012d03          	lw	s10,32(sp)
8020090c:	01c12d83          	lw	s11,28(sp)
80200910:	05010113          	addi	sp,sp,80
80200914:	00008067          	ret
80200918:	04812403          	lw	s0,72(sp)
8020091c:	04012903          	lw	s2,64(sp)
80200920:	03c12983          	lw	s3,60(sp)
80200924:	03812a03          	lw	s4,56(sp)
80200928:	02412c83          	lw	s9,36(sp)
8020092c:	440000ef          	jal	80200d6c <__errno>
80200930:	04c12083          	lw	ra,76(sp)
80200934:	01600793          	li	a5,22
80200938:	00f52023          	sw	a5,0(a0)
8020093c:	00000513          	li	a0,0
80200940:	05010113          	addi	sp,sp,80
80200944:	00008067          	ret
80200948:	00012623          	sw	zero,12(sp)
8020094c:	00044483          	lbu	s1,0(s0)
80200950:	fffb0b13          	addi	s6,s6,-1
80200954:	00268413          	addi	s0,a3,2
80200958:	ec0c88e3          	beqz	s9,80200828 <_strtol_l.isra.0+0xa4>
8020095c:	01000793          	li	a5,16
80200960:	ecfc9ce3          	bne	s9,a5,80200838 <_strtol_l.isra.0+0xb4>
80200964:	03000793          	li	a5,48
80200968:	000c8993          	mv	s3,s9
8020096c:	ecf496e3          	bne	s1,a5,80200838 <_strtol_l.isra.0+0xb4>
80200970:	00044783          	lbu	a5,0(s0)
80200974:	05800713          	li	a4,88
80200978:	0df7f793          	andi	a5,a5,223
8020097c:	eae79ee3          	bne	a5,a4,80200838 <_strtol_l.isra.0+0xb4>
80200980:	01000993          	li	s3,16
80200984:	00144483          	lbu	s1,1(s0)
80200988:	00098c93          	mv	s9,s3
8020098c:	00240413          	addi	s0,s0,2
80200990:	ea9ff06f          	j	80200838 <_strtol_l.isra.0+0xb4>
80200994:	f9f48793          	addi	a5,s1,-97
80200998:	f2fae2e3          	bltu	s5,a5,802008bc <_strtol_l.isra.0+0x138>
8020099c:	fa948493          	addi	s1,s1,-87
802009a0:	ed9ff06f          	j	80200878 <_strtol_l.isra.0+0xf4>
802009a4:	ee9bcce3          	blt	s7,s1,8020089c <_strtol_l.isra.0+0x118>
802009a8:	ee5ff06f          	j	8020088c <_strtol_l.isra.0+0x108>
802009ac:	00100793          	li	a5,1
802009b0:	00044483          	lbu	s1,0(s0)
802009b4:	80000b37          	lui	s6,0x80000
802009b8:	00268413          	addi	s0,a3,2
802009bc:	00f12623          	sw	a5,12(sp)
802009c0:	e65ff06f          	j	80200824 <_strtol_l.isra.0+0xa0>
802009c4:	00812703          	lw	a4,8(sp)
802009c8:	02200793          	li	a5,34
802009cc:	000b0513          	mv	a0,s6
802009d0:	00f72023          	sw	a5,0(a4)
802009d4:	f00a04e3          	beqz	s4,802008dc <_strtol_l.isra.0+0x158>
802009d8:	fff40913          	addi	s2,s0,-1
802009dc:	000b0513          	mv	a0,s6
802009e0:	ef9ff06f          	j	802008d8 <_strtol_l.isra.0+0x154>
802009e4:	00044783          	lbu	a5,0(s0)
802009e8:	05800713          	li	a4,88
802009ec:	0df7f793          	andi	a5,a5,223
802009f0:	f8e788e3          	beq	a5,a4,80200980 <_strtol_l.isra.0+0x1fc>
802009f4:	00800993          	li	s3,8
802009f8:	00098c93          	mv	s9,s3
802009fc:	e3dff06f          	j	80200838 <_strtol_l.isra.0+0xb4>
80200a00:	00050b13          	mv	s6,a0
80200a04:	fd5ff06f          	j	802009d8 <_strtol_l.isra.0+0x254>

80200a08 <strtol>:
strtol():
80200a08:	00050713          	mv	a4,a0
80200a0c:	00008517          	auipc	a0,0x8
80200a10:	86852503          	lw	a0,-1944(a0) # 80208274 <_impure_ptr>
80200a14:	00058793          	mv	a5,a1
80200a18:	00060693          	mv	a3,a2
80200a1c:	00070593          	mv	a1,a4
80200a20:	00078613          	mv	a2,a5
80200a24:	d61ff06f          	j	80200784 <_strtol_l.isra.0>

80200a28 <__utoa>:
__utoa():
80200a28:	00007797          	auipc	a5,0x7
80200a2c:	5f878793          	addi	a5,a5,1528 # 80208020 <__modsi3+0x6ecc>
80200a30:	0007a283          	lw	t0,0(a5)
80200a34:	0047af83          	lw	t6,4(a5)
80200a38:	0087af03          	lw	t5,8(a5)
80200a3c:	00c7ae83          	lw	t4,12(a5)
80200a40:	0107ae03          	lw	t3,16(a5)
80200a44:	0147a303          	lw	t1,20(a5)
80200a48:	0187a883          	lw	a7,24(a5)
80200a4c:	01c7a803          	lw	a6,28(a5)
80200a50:	0207a683          	lw	a3,32(a5)
80200a54:	00007797          	auipc	a5,0x7
80200a58:	5f07c783          	lbu	a5,1520(a5) # 80208044 <__modsi3+0x6ef0>
80200a5c:	fb010113          	addi	sp,sp,-80
80200a60:	03512a23          	sw	s5,52(sp)
80200a64:	02f10623          	sb	a5,44(sp)
80200a68:	04112623          	sw	ra,76(sp)
80200a6c:	ffe60713          	addi	a4,a2,-2
80200a70:	00512423          	sw	t0,8(sp)
80200a74:	01f12623          	sw	t6,12(sp)
80200a78:	01e12823          	sw	t5,16(sp)
80200a7c:	01d12a23          	sw	t4,20(sp)
80200a80:	01c12c23          	sw	t3,24(sp)
80200a84:	00612e23          	sw	t1,28(sp)
80200a88:	03112023          	sw	a7,32(sp)
80200a8c:	03012223          	sw	a6,36(sp)
80200a90:	02d12423          	sw	a3,40(sp)
80200a94:	02200793          	li	a5,34
80200a98:	00058a93          	mv	s5,a1
80200a9c:	0ce7e463          	bltu	a5,a4,80200b64 <__utoa+0x13c>
80200aa0:	04812423          	sw	s0,72(sp)
80200aa4:	04912223          	sw	s1,68(sp)
80200aa8:	05212023          	sw	s2,64(sp)
80200aac:	03312e23          	sw	s3,60(sp)
80200ab0:	03412c23          	sw	s4,56(sp)
80200ab4:	03612823          	sw	s6,48(sp)
80200ab8:	00060493          	mv	s1,a2
80200abc:	00050413          	mv	s0,a0
80200ac0:	00000913          	li	s2,0
80200ac4:	00048593          	mv	a1,s1
80200ac8:	00040513          	mv	a0,s0
80200acc:	654000ef          	jal	80201120 <__umodsi3>
80200ad0:	00250533          	add	a0,a0,sp
80200ad4:	00854783          	lbu	a5,8(a0)
80200ad8:	00090993          	mv	s3,s2
80200adc:	00190913          	addi	s2,s2,1
80200ae0:	012a8a33          	add	s4,s5,s2
80200ae4:	00040513          	mv	a0,s0
80200ae8:	00048593          	mv	a1,s1
80200aec:	fefa0fa3          	sb	a5,-1(s4)
80200af0:	00040b13          	mv	s6,s0
80200af4:	5e4000ef          	jal	802010d8 <__hidden___udivsi3>
80200af8:	00050413          	mv	s0,a0
80200afc:	fc9b74e3          	bgeu	s6,s1,80200ac4 <__utoa+0x9c>
80200b00:	000a0023          	sb	zero,0(s4)
80200b04:	02098a63          	beqz	s3,80200b38 <__utoa+0x110>
80200b08:	000a8693          	mv	a3,s5
80200b0c:	013a8733          	add	a4,s5,s3
80200b10:	00000793          	li	a5,0
80200b14:	00074583          	lbu	a1,0(a4)
80200b18:	0006c603          	lbu	a2,0(a3)
80200b1c:	00178793          	addi	a5,a5,1
80200b20:	00b68023          	sb	a1,0(a3)
80200b24:	00c70023          	sb	a2,0(a4)
80200b28:	40f98633          	sub	a2,s3,a5
80200b2c:	00168693          	addi	a3,a3,1
80200b30:	fff70713          	addi	a4,a4,-1
80200b34:	fec7c0e3          	blt	a5,a2,80200b14 <__utoa+0xec>
80200b38:	04812403          	lw	s0,72(sp)
80200b3c:	04c12083          	lw	ra,76(sp)
80200b40:	04412483          	lw	s1,68(sp)
80200b44:	04012903          	lw	s2,64(sp)
80200b48:	03c12983          	lw	s3,60(sp)
80200b4c:	03812a03          	lw	s4,56(sp)
80200b50:	03012b03          	lw	s6,48(sp)
80200b54:	000a8513          	mv	a0,s5
80200b58:	03412a83          	lw	s5,52(sp)
80200b5c:	05010113          	addi	sp,sp,80
80200b60:	00008067          	ret
80200b64:	00058023          	sb	zero,0(a1)
80200b68:	04c12083          	lw	ra,76(sp)
80200b6c:	03412a83          	lw	s5,52(sp)
80200b70:	00000513          	li	a0,0
80200b74:	05010113          	addi	sp,sp,80
80200b78:	00008067          	ret

80200b7c <strcat>:
strcat():
80200b7c:	ff010113          	addi	sp,sp,-16
80200b80:	00812423          	sw	s0,8(sp)
80200b84:	00112623          	sw	ra,12(sp)
80200b88:	00357793          	andi	a5,a0,3
80200b8c:	00050413          	mv	s0,a0
80200b90:	06079663          	bnez	a5,80200bfc <strcat+0x80>
80200b94:	00052703          	lw	a4,0(a0)
80200b98:	feff0637          	lui	a2,0xfeff0
80200b9c:	eff60613          	addi	a2,a2,-257 # fefefeff <__heap_end+0x7ecefeff>
80200ba0:	00c707b3          	add	a5,a4,a2
80200ba4:	808086b7          	lui	a3,0x80808
80200ba8:	fff74713          	not	a4,a4
80200bac:	00e7f7b3          	and	a5,a5,a4
80200bb0:	08068693          	addi	a3,a3,128 # 80808080 <__heap_end+0x508080>
80200bb4:	00d7f7b3          	and	a5,a5,a3
80200bb8:	04079263          	bnez	a5,80200bfc <strcat+0x80>
80200bbc:	00452703          	lw	a4,4(a0)
80200bc0:	00450513          	addi	a0,a0,4
80200bc4:	00c707b3          	add	a5,a4,a2
80200bc8:	fff74713          	not	a4,a4
80200bcc:	00e7f7b3          	and	a5,a5,a4
80200bd0:	00d7f7b3          	and	a5,a5,a3
80200bd4:	02079463          	bnez	a5,80200bfc <strcat+0x80>
80200bd8:	00452703          	lw	a4,4(a0)
80200bdc:	00450513          	addi	a0,a0,4
80200be0:	00c707b3          	add	a5,a4,a2
80200be4:	fff74713          	not	a4,a4
80200be8:	00e7f7b3          	and	a5,a5,a4
80200bec:	00d7f7b3          	and	a5,a5,a3
80200bf0:	fc0786e3          	beqz	a5,80200bbc <strcat+0x40>
80200bf4:	0080006f          	j	80200bfc <strcat+0x80>
80200bf8:	00150513          	addi	a0,a0,1
80200bfc:	00054783          	lbu	a5,0(a0)
80200c00:	fe079ce3          	bnez	a5,80200bf8 <strcat+0x7c>
80200c04:	404000ef          	jal	80201008 <strcpy>
80200c08:	00c12083          	lw	ra,12(sp)
80200c0c:	00040513          	mv	a0,s0
80200c10:	00812403          	lw	s0,8(sp)
80200c14:	01010113          	addi	sp,sp,16
80200c18:	00008067          	ret

80200c1c <strncat>:
strncat():
80200c1c:	00357713          	andi	a4,a0,3
80200c20:	00050793          	mv	a5,a0
80200c24:	06071663          	bnez	a4,80200c90 <strncat+0x74>
80200c28:	00052683          	lw	a3,0(a0)
80200c2c:	feff08b7          	lui	a7,0xfeff0
80200c30:	eff88893          	addi	a7,a7,-257 # fefefeff <__heap_end+0x7ecefeff>
80200c34:	01168733          	add	a4,a3,a7
80200c38:	80808837          	lui	a6,0x80808
80200c3c:	fff6c693          	not	a3,a3
80200c40:	00d77733          	and	a4,a4,a3
80200c44:	08080813          	addi	a6,a6,128 # 80808080 <__heap_end+0x508080>
80200c48:	01077733          	and	a4,a4,a6
80200c4c:	04071263          	bnez	a4,80200c90 <strncat+0x74>
80200c50:	0047a683          	lw	a3,4(a5)
80200c54:	00478793          	addi	a5,a5,4
80200c58:	01168733          	add	a4,a3,a7
80200c5c:	fff6c693          	not	a3,a3
80200c60:	00d77733          	and	a4,a4,a3
80200c64:	01077733          	and	a4,a4,a6
80200c68:	02071463          	bnez	a4,80200c90 <strncat+0x74>
80200c6c:	0047a683          	lw	a3,4(a5)
80200c70:	00478793          	addi	a5,a5,4
80200c74:	01168733          	add	a4,a3,a7
80200c78:	fff6c693          	not	a3,a3
80200c7c:	00d77733          	and	a4,a4,a3
80200c80:	01077733          	and	a4,a4,a6
80200c84:	fc0706e3          	beqz	a4,80200c50 <strncat+0x34>
80200c88:	0080006f          	j	80200c90 <strncat+0x74>
80200c8c:	00178793          	addi	a5,a5,1
80200c90:	0007c703          	lbu	a4,0(a5)
80200c94:	fe071ce3          	bnez	a4,80200c8c <strncat+0x70>
80200c98:	00c786b3          	add	a3,a5,a2
80200c9c:	02060463          	beqz	a2,80200cc4 <strncat+0xa8>
80200ca0:	0005c703          	lbu	a4,0(a1)
80200ca4:	00178793          	addi	a5,a5,1
80200ca8:	00158593          	addi	a1,a1,1
80200cac:	fee78fa3          	sb	a4,-1(a5)
80200cb0:	00070863          	beqz	a4,80200cc0 <strncat+0xa4>
80200cb4:	fef696e3          	bne	a3,a5,80200ca0 <strncat+0x84>
80200cb8:	00068023          	sb	zero,0(a3)
80200cbc:	00008067          	ret
80200cc0:	00008067          	ret
80200cc4:	00008067          	ret

80200cc8 <strncmp>:
strncmp():
80200cc8:	08060a63          	beqz	a2,80200d5c <strncmp+0x94>
80200ccc:	00b567b3          	or	a5,a0,a1
80200cd0:	0037f793          	andi	a5,a5,3
80200cd4:	04079a63          	bnez	a5,80200d28 <strncmp+0x60>
80200cd8:	feff0e37          	lui	t3,0xfeff0
80200cdc:	80808337          	lui	t1,0x80808
80200ce0:	00300893          	li	a7,3
80200ce4:	effe0e13          	addi	t3,t3,-257 # fefefeff <__heap_end+0x7ecefeff>
80200ce8:	08030313          	addi	t1,t1,128 # 80808080 <__heap_end+0x508080>
80200cec:	02c8e063          	bltu	a7,a2,80200d0c <strncmp+0x44>
80200cf0:	0380006f          	j	80200d28 <strncmp+0x60>
80200cf4:	ffc60613          	addi	a2,a2,-4
80200cf8:	06060263          	beqz	a2,80200d5c <strncmp+0x94>
80200cfc:	06079063          	bnez	a5,80200d5c <strncmp+0x94>
80200d00:	00450513          	addi	a0,a0,4
80200d04:	00458593          	addi	a1,a1,4
80200d08:	02c8f063          	bgeu	a7,a2,80200d28 <strncmp+0x60>
80200d0c:	00052703          	lw	a4,0(a0)
80200d10:	0005a683          	lw	a3,0(a1)
80200d14:	01c707b3          	add	a5,a4,t3
80200d18:	fff74813          	not	a6,a4
80200d1c:	0107f7b3          	and	a5,a5,a6
80200d20:	0067f7b3          	and	a5,a5,t1
80200d24:	fcd708e3          	beq	a4,a3,80200cf4 <strncmp+0x2c>
80200d28:	00054783          	lbu	a5,0(a0)
80200d2c:	0005c703          	lbu	a4,0(a1)
80200d30:	fff60613          	addi	a2,a2,-1
80200d34:	00c50633          	add	a2,a0,a2
80200d38:	00e78e63          	beq	a5,a4,80200d54 <strncmp+0x8c>
80200d3c:	0280006f          	j	80200d64 <strncmp+0x9c>
80200d40:	00150513          	addi	a0,a0,1
80200d44:	00078c63          	beqz	a5,80200d5c <strncmp+0x94>
80200d48:	00054783          	lbu	a5,0(a0)
80200d4c:	0005c703          	lbu	a4,0(a1)
80200d50:	00e79a63          	bne	a5,a4,80200d64 <strncmp+0x9c>
80200d54:	00158593          	addi	a1,a1,1
80200d58:	fea614e3          	bne	a2,a0,80200d40 <strncmp+0x78>
80200d5c:	00000513          	li	a0,0
80200d60:	00008067          	ret
80200d64:	40e78533          	sub	a0,a5,a4
80200d68:	00008067          	ret

80200d6c <__errno>:
__errno():
80200d6c:	00007517          	auipc	a0,0x7
80200d70:	50852503          	lw	a0,1288(a0) # 80208274 <_impure_ptr>
80200d74:	00008067          	ret

80200d78 <memset>:
memset():
80200d78:	00f00313          	li	t1,15
80200d7c:	00050713          	mv	a4,a0
80200d80:	02c37e63          	bgeu	t1,a2,80200dbc <memset+0x44>
80200d84:	00f77793          	andi	a5,a4,15
80200d88:	0a079063          	bnez	a5,80200e28 <memset+0xb0>
80200d8c:	08059263          	bnez	a1,80200e10 <memset+0x98>
80200d90:	ff067693          	andi	a3,a2,-16
80200d94:	00f67613          	andi	a2,a2,15
80200d98:	00e686b3          	add	a3,a3,a4
80200d9c:	00b72023          	sw	a1,0(a4)
80200da0:	00b72223          	sw	a1,4(a4)
80200da4:	00b72423          	sw	a1,8(a4)
80200da8:	00b72623          	sw	a1,12(a4)
80200dac:	01070713          	addi	a4,a4,16
80200db0:	fed766e3          	bltu	a4,a3,80200d9c <memset+0x24>
80200db4:	00061463          	bnez	a2,80200dbc <memset+0x44>
80200db8:	00008067          	ret
80200dbc:	40c306b3          	sub	a3,t1,a2
80200dc0:	00269693          	slli	a3,a3,0x2
80200dc4:	00000297          	auipc	t0,0x0
80200dc8:	005686b3          	add	a3,a3,t0
80200dcc:	00c68067          	jr	12(a3)
80200dd0:	00b70723          	sb	a1,14(a4)
80200dd4:	00b706a3          	sb	a1,13(a4)
80200dd8:	00b70623          	sb	a1,12(a4)
80200ddc:	00b705a3          	sb	a1,11(a4)
80200de0:	00b70523          	sb	a1,10(a4)
80200de4:	00b704a3          	sb	a1,9(a4)
80200de8:	00b70423          	sb	a1,8(a4)
80200dec:	00b703a3          	sb	a1,7(a4)
80200df0:	00b70323          	sb	a1,6(a4)
80200df4:	00b702a3          	sb	a1,5(a4)
80200df8:	00b70223          	sb	a1,4(a4)
80200dfc:	00b701a3          	sb	a1,3(a4)
80200e00:	00b70123          	sb	a1,2(a4)
80200e04:	00b700a3          	sb	a1,1(a4)
80200e08:	00b70023          	sb	a1,0(a4)
80200e0c:	00008067          	ret
80200e10:	0ff5f593          	zext.b	a1,a1
80200e14:	00859693          	slli	a3,a1,0x8
80200e18:	00d5e5b3          	or	a1,a1,a3
80200e1c:	01059693          	slli	a3,a1,0x10
80200e20:	00d5e5b3          	or	a1,a1,a3
80200e24:	f6dff06f          	j	80200d90 <memset+0x18>
80200e28:	00279693          	slli	a3,a5,0x2
80200e2c:	00000297          	auipc	t0,0x0
80200e30:	005686b3          	add	a3,a3,t0
80200e34:	00008293          	mv	t0,ra
80200e38:	fa0680e7          	jalr	-96(a3)
80200e3c:	00028093          	mv	ra,t0
80200e40:	ff078793          	addi	a5,a5,-16
80200e44:	40f70733          	sub	a4,a4,a5
80200e48:	00f60633          	add	a2,a2,a5
80200e4c:	f6c378e3          	bgeu	t1,a2,80200dbc <memset+0x44>
80200e50:	f3dff06f          	j	80200d8c <memset+0x14>

80200e54 <memcpy>:
memcpy():
80200e54:	00a5c7b3          	xor	a5,a1,a0
80200e58:	0037f793          	andi	a5,a5,3
80200e5c:	00c508b3          	add	a7,a0,a2
80200e60:	06079663          	bnez	a5,80200ecc <memcpy+0x78>
80200e64:	00300793          	li	a5,3
80200e68:	06c7f263          	bgeu	a5,a2,80200ecc <memcpy+0x78>
80200e6c:	00357793          	andi	a5,a0,3
80200e70:	00050713          	mv	a4,a0
80200e74:	0c079a63          	bnez	a5,80200f48 <memcpy+0xf4>
80200e78:	ffc8f613          	andi	a2,a7,-4
80200e7c:	40e606b3          	sub	a3,a2,a4
80200e80:	02000793          	li	a5,32
80200e84:	06d7c463          	blt	a5,a3,80200eec <memcpy+0x98>
80200e88:	00058693          	mv	a3,a1
80200e8c:	00070793          	mv	a5,a4
80200e90:	02c77a63          	bgeu	a4,a2,80200ec4 <memcpy+0x70>
80200e94:	0006a803          	lw	a6,0(a3)
80200e98:	00478793          	addi	a5,a5,4
80200e9c:	00468693          	addi	a3,a3,4
80200ea0:	ff07ae23          	sw	a6,-4(a5)
80200ea4:	fec7e8e3          	bltu	a5,a2,80200e94 <memcpy+0x40>
80200ea8:	fff60613          	addi	a2,a2,-1
80200eac:	40e60633          	sub	a2,a2,a4
80200eb0:	ffc67613          	andi	a2,a2,-4
80200eb4:	00458593          	addi	a1,a1,4
80200eb8:	00470713          	addi	a4,a4,4
80200ebc:	00c585b3          	add	a1,a1,a2
80200ec0:	00c70733          	add	a4,a4,a2
80200ec4:	01176863          	bltu	a4,a7,80200ed4 <memcpy+0x80>
80200ec8:	00008067          	ret
80200ecc:	00050713          	mv	a4,a0
80200ed0:	ff157ce3          	bgeu	a0,a7,80200ec8 <memcpy+0x74>
80200ed4:	0005c783          	lbu	a5,0(a1)
80200ed8:	00170713          	addi	a4,a4,1
80200edc:	00158593          	addi	a1,a1,1
80200ee0:	fef70fa3          	sb	a5,-1(a4)
80200ee4:	fee898e3          	bne	a7,a4,80200ed4 <memcpy+0x80>
80200ee8:	00008067          	ret
80200eec:	0205a683          	lw	a3,32(a1)
80200ef0:	0005a383          	lw	t2,0(a1)
80200ef4:	0045a283          	lw	t0,4(a1)
80200ef8:	0085af83          	lw	t6,8(a1)
80200efc:	00c5af03          	lw	t5,12(a1)
80200f00:	0105ae83          	lw	t4,16(a1)
80200f04:	0145ae03          	lw	t3,20(a1)
80200f08:	0185a303          	lw	t1,24(a1)
80200f0c:	01c5a803          	lw	a6,28(a1)
80200f10:	02470713          	addi	a4,a4,36
80200f14:	fed72e23          	sw	a3,-4(a4)
80200f18:	fc772e23          	sw	t2,-36(a4)
80200f1c:	40e606b3          	sub	a3,a2,a4
80200f20:	fe572023          	sw	t0,-32(a4)
80200f24:	fff72223          	sw	t6,-28(a4)
80200f28:	ffe72423          	sw	t5,-24(a4)
80200f2c:	ffd72623          	sw	t4,-20(a4)
80200f30:	ffc72823          	sw	t3,-16(a4)
80200f34:	fe672a23          	sw	t1,-12(a4)
80200f38:	ff072c23          	sw	a6,-8(a4)
80200f3c:	02458593          	addi	a1,a1,36
80200f40:	fad7c6e3          	blt	a5,a3,80200eec <memcpy+0x98>
80200f44:	f45ff06f          	j	80200e88 <memcpy+0x34>
80200f48:	0005c683          	lbu	a3,0(a1)
80200f4c:	00170713          	addi	a4,a4,1
80200f50:	00377793          	andi	a5,a4,3
80200f54:	fed70fa3          	sb	a3,-1(a4)
80200f58:	00158593          	addi	a1,a1,1
80200f5c:	f0078ee3          	beqz	a5,80200e78 <memcpy+0x24>
80200f60:	0005c683          	lbu	a3,0(a1)
80200f64:	00170713          	addi	a4,a4,1
80200f68:	00377793          	andi	a5,a4,3
80200f6c:	fed70fa3          	sb	a3,-1(a4)
80200f70:	00158593          	addi	a1,a1,1
80200f74:	fc079ae3          	bnez	a5,80200f48 <memcpy+0xf4>
80200f78:	f01ff06f          	j	80200e78 <memcpy+0x24>

80200f7c <strlen>:
strlen():
80200f7c:	00357793          	andi	a5,a0,3
80200f80:	00050713          	mv	a4,a0
80200f84:	04079c63          	bnez	a5,80200fdc <strlen+0x60>
80200f88:	7f7f86b7          	lui	a3,0x7f7f8
80200f8c:	f7f68693          	addi	a3,a3,-129 # 7f7f7f7f <app_entry-0xa08081>
80200f90:	fff00593          	li	a1,-1
80200f94:	00072603          	lw	a2,0(a4)
80200f98:	00470713          	addi	a4,a4,4
80200f9c:	00d677b3          	and	a5,a2,a3
80200fa0:	00d787b3          	add	a5,a5,a3
80200fa4:	00c7e7b3          	or	a5,a5,a2
80200fa8:	00d7e7b3          	or	a5,a5,a3
80200fac:	feb784e3          	beq	a5,a1,80200f94 <strlen+0x18>
80200fb0:	ffc74683          	lbu	a3,-4(a4)
80200fb4:	40a707b3          	sub	a5,a4,a0
80200fb8:	04068463          	beqz	a3,80201000 <strlen+0x84>
80200fbc:	ffd74683          	lbu	a3,-3(a4)
80200fc0:	02068c63          	beqz	a3,80200ff8 <strlen+0x7c>
80200fc4:	ffe74503          	lbu	a0,-2(a4)
80200fc8:	00a03533          	snez	a0,a0
80200fcc:	00f50533          	add	a0,a0,a5
80200fd0:	ffe50513          	addi	a0,a0,-2
80200fd4:	00008067          	ret
80200fd8:	fa0688e3          	beqz	a3,80200f88 <strlen+0xc>
80200fdc:	00074783          	lbu	a5,0(a4)
80200fe0:	00170713          	addi	a4,a4,1
80200fe4:	00377693          	andi	a3,a4,3
80200fe8:	fe0798e3          	bnez	a5,80200fd8 <strlen+0x5c>
80200fec:	40a70733          	sub	a4,a4,a0
80200ff0:	fff70513          	addi	a0,a4,-1
80200ff4:	00008067          	ret
80200ff8:	ffd78513          	addi	a0,a5,-3
80200ffc:	00008067          	ret
80201000:	ffc78513          	addi	a0,a5,-4
80201004:	00008067          	ret

80201008 <strcpy>:
strcpy():
80201008:	00b567b3          	or	a5,a0,a1
8020100c:	0037f793          	andi	a5,a5,3
80201010:	08079063          	bnez	a5,80201090 <strcpy+0x88>
80201014:	0005a703          	lw	a4,0(a1)
80201018:	7f7f86b7          	lui	a3,0x7f7f8
8020101c:	f7f68693          	addi	a3,a3,-129 # 7f7f7f7f <app_entry-0xa08081>
80201020:	00d77833          	and	a6,a4,a3
80201024:	00d80833          	add	a6,a6,a3
80201028:	00e86833          	or	a6,a6,a4
8020102c:	00d86833          	or	a6,a6,a3
80201030:	fff00793          	li	a5,-1
80201034:	00050613          	mv	a2,a0
80201038:	02f81463          	bne	a6,a5,80201060 <strcpy+0x58>
8020103c:	00458593          	addi	a1,a1,4
80201040:	00e62023          	sw	a4,0(a2)
80201044:	0005a703          	lw	a4,0(a1)
80201048:	00460613          	addi	a2,a2,4
8020104c:	00d777b3          	and	a5,a4,a3
80201050:	00d787b3          	add	a5,a5,a3
80201054:	00e7e7b3          	or	a5,a5,a4
80201058:	00d7e7b3          	or	a5,a5,a3
8020105c:	ff0780e3          	beq	a5,a6,8020103c <strcpy+0x34>
80201060:	0005c783          	lbu	a5,0(a1)
80201064:	0015c703          	lbu	a4,1(a1)
80201068:	0025c683          	lbu	a3,2(a1)
8020106c:	00f60023          	sb	a5,0(a2)
80201070:	00078a63          	beqz	a5,80201084 <strcpy+0x7c>
80201074:	00e600a3          	sb	a4,1(a2)
80201078:	00070663          	beqz	a4,80201084 <strcpy+0x7c>
8020107c:	00d60123          	sb	a3,2(a2)
80201080:	00069463          	bnez	a3,80201088 <strcpy+0x80>
80201084:	00008067          	ret
80201088:	000601a3          	sb	zero,3(a2)
8020108c:	00008067          	ret
80201090:	00050793          	mv	a5,a0
80201094:	0005c703          	lbu	a4,0(a1)
80201098:	00178793          	addi	a5,a5,1
8020109c:	00158593          	addi	a1,a1,1
802010a0:	fee78fa3          	sb	a4,-1(a5)
802010a4:	fe0718e3          	bnez	a4,80201094 <strcpy+0x8c>
802010a8:	00008067          	ret

802010ac <__mulsi3>:
__mulsi3():
802010ac:	00050613          	mv	a2,a0
802010b0:	00000513          	li	a0,0
802010b4:	0015f693          	andi	a3,a1,1
802010b8:	00068463          	beqz	a3,802010c0 <__mulsi3+0x14>
802010bc:	00c50533          	add	a0,a0,a2
802010c0:	0015d593          	srli	a1,a1,0x1
802010c4:	00161613          	slli	a2,a2,0x1
802010c8:	fe0596e3          	bnez	a1,802010b4 <__mulsi3+0x8>
802010cc:	00008067          	ret

802010d0 <__divsi3>:
__divsi3():
802010d0:	06054063          	bltz	a0,80201130 <__umodsi3+0x10>
802010d4:	0605c663          	bltz	a1,80201140 <__umodsi3+0x20>

802010d8 <__hidden___udivsi3>:
802010d8:	00058613          	mv	a2,a1
802010dc:	00050593          	mv	a1,a0
802010e0:	fff00513          	li	a0,-1
802010e4:	02060c63          	beqz	a2,8020111c <__hidden___udivsi3+0x44>
802010e8:	00100693          	li	a3,1
802010ec:	00b67a63          	bgeu	a2,a1,80201100 <__hidden___udivsi3+0x28>
802010f0:	00c05863          	blez	a2,80201100 <__hidden___udivsi3+0x28>
802010f4:	00161613          	slli	a2,a2,0x1
802010f8:	00169693          	slli	a3,a3,0x1
802010fc:	feb66ae3          	bltu	a2,a1,802010f0 <__hidden___udivsi3+0x18>
80201100:	00000513          	li	a0,0
80201104:	00c5e663          	bltu	a1,a2,80201110 <__hidden___udivsi3+0x38>
80201108:	40c585b3          	sub	a1,a1,a2
8020110c:	00d56533          	or	a0,a0,a3
80201110:	0016d693          	srli	a3,a3,0x1
80201114:	00165613          	srli	a2,a2,0x1
80201118:	fe0696e3          	bnez	a3,80201104 <__hidden___udivsi3+0x2c>
8020111c:	00008067          	ret

80201120 <__umodsi3>:
80201120:	00008293          	mv	t0,ra
80201124:	fb5ff0ef          	jal	802010d8 <__hidden___udivsi3>
80201128:	00058513          	mv	a0,a1
8020112c:	00028067          	jr	t0 # 80200e2c <memset+0xb4>
80201130:	40a00533          	neg	a0,a0
80201134:	00b04863          	bgtz	a1,80201144 <__umodsi3+0x24>
80201138:	40b005b3          	neg	a1,a1
8020113c:	f9dff06f          	j	802010d8 <__hidden___udivsi3>
80201140:	40b005b3          	neg	a1,a1
80201144:	00008293          	mv	t0,ra
80201148:	f91ff0ef          	jal	802010d8 <__hidden___udivsi3>
8020114c:	40a00533          	neg	a0,a0
80201150:	00028067          	jr	t0

80201154 <__modsi3>:
__modsi3():
80201154:	00008293          	mv	t0,ra
80201158:	0005ca63          	bltz	a1,8020116c <__modsi3+0x18>
8020115c:	00054c63          	bltz	a0,80201174 <__modsi3+0x20>
80201160:	f79ff0ef          	jal	802010d8 <__hidden___udivsi3>
80201164:	00058513          	mv	a0,a1
80201168:	00028067          	jr	t0
8020116c:	40b005b3          	neg	a1,a1
80201170:	fe0558e3          	bgez	a0,80201160 <__modsi3+0xc>
80201174:	40a00533          	neg	a0,a0
80201178:	f61ff0ef          	jal	802010d8 <__hidden___udivsi3>
8020117c:	40b00533          	neg	a0,a1
80201180:	00028067          	jr	t0
